Component: ARM Compiler 5.06 update 1 (build 61) Tool: armlink [4d35a8]

==============================================================================

Section Cross References

    startup_stm32f103xb.o(RESET) refers to startup_stm32f103xb.o(STACK) for __initial_sp
    startup_stm32f103xb.o(RESET) refers to startup_stm32f103xb.o(.text) for Reset_Handler
    startup_stm32f103xb.o(RESET) refers to stm32f1xx_it.o(i.NMI_Handler) for NMI_Handler
    startup_stm32f103xb.o(RESET) refers to stm32f1xx_it.o(i.HardFault_Handler) for HardFault_Handler
    startup_stm32f103xb.o(RESET) refers to stm32f1xx_it.o(i.MemManage_Handler) for MemManage_Handler
    startup_stm32f103xb.o(RESET) refers to stm32f1xx_it.o(i.BusFault_Handler) for BusFault_Handler
    startup_stm32f103xb.o(RESET) refers to stm32f1xx_it.o(i.UsageFault_Handler) for UsageFault_Handler
    startup_stm32f103xb.o(RESET) refers to stm32f1xx_it.o(i.SVC_Handler) for SVC_Handler
    startup_stm32f103xb.o(RESET) refers to stm32f1xx_it.o(i.DebugMon_Handler) for DebugMon_Handler
    startup_stm32f103xb.o(RESET) refers to stm32f1xx_it.o(i.PendSV_Handler) for PendSV_Handler
    startup_stm32f103xb.o(RESET) refers to stm32f1xx_it.o(i.SysTick_Handler) for SysTick_Handler
    startup_stm32f103xb.o(RESET) refers to stm32f1xx_it.o(i.USART1_IRQHandler) for USART1_IRQHandler
    startup_stm32f103xb.o(RESET) refers to stm32f1xx_it.o(i.USART2_IRQHandler) for USART2_IRQHandler
    startup_stm32f103xb.o(.text) refers to system_stm32f1xx.o(i.SystemInit) for SystemInit
    startup_stm32f103xb.o(.text) refers to entry.o(.ARM.Collect$$$$00000000) for __main
    dht11.o(i.Coarse_delay_us) refers to stm32f1xx_hal_rcc.o(i.HAL_RCC_GetHCLKFreq) for HAL_RCC_GetHCLKFreq
    dht11.o(i.DHT11) refers to dht11.o(i.DHT11_READ_DATA) for DHT11_READ_DATA
    dht11.o(i.DHT11) refers to stm32f1xx_hal.o(i.HAL_Delay) for HAL_Delay
    dht11.o(i.DHT11_Check) refers to dht11.o(i.Tims_delay_us) for Tims_delay_us
    dht11.o(i.DHT11_Check) refers to stm32f1xx_hal_gpio.o(i.HAL_GPIO_ReadPin) for HAL_GPIO_ReadPin
    dht11.o(i.DHT11_GPIO_MODE_SET) refers to stm32f1xx_hal_gpio.o(i.HAL_GPIO_Init) for HAL_GPIO_Init
    dht11.o(i.DHT11_READ_BIT) refers to stm32f1xx_hal_gpio.o(i.HAL_GPIO_ReadPin) for HAL_GPIO_ReadPin
    dht11.o(i.DHT11_READ_BIT) refers to dht11.o(i.Tims_delay_us) for Tims_delay_us
    dht11.o(i.DHT11_READ_BYTE) refers to dht11.o(i.DHT11_READ_BIT) for DHT11_READ_BIT
    dht11.o(i.DHT11_READ_DATA) refers to dht11.o(i.DHT11_START) for DHT11_START
    dht11.o(i.DHT11_READ_DATA) refers to dht11.o(i.DHT11_Check) for DHT11_Check
    dht11.o(i.DHT11_READ_DATA) refers to stm32f1xx_hal_gpio.o(i.HAL_GPIO_ReadPin) for HAL_GPIO_ReadPin
    dht11.o(i.DHT11_READ_DATA) refers to dht11.o(i.DHT11_READ_BYTE) for DHT11_READ_BYTE
    dht11.o(i.DHT11_READ_DATA) refers to printfa.o(i.__0printf) for __2printf
    dht11.o(i.DHT11_READ_DATA) refers to dht11.o(.data) for .data
    dht11.o(i.DHT11_START) refers to dht11.o(i.DHT11_GPIO_MODE_SET) for DHT11_GPIO_MODE_SET
    dht11.o(i.DHT11_START) refers to stm32f1xx_hal_gpio.o(i.HAL_GPIO_WritePin) for HAL_GPIO_WritePin
    dht11.o(i.DHT11_START) refers to stm32f1xx_hal.o(i.HAL_Delay) for HAL_Delay
    dht11.o(i.Tims_delay_us) refers to tim.o(.bss) for htim1
    cjson.o(i.add_item_to_object) refers to cjson.o(i.cJSON_strdup) for cJSON_strdup
    cjson.o(i.add_item_to_object) refers to cjson.o(i.add_item_to_array) for add_item_to_array
    cjson.o(i.cJSON_AddArrayToObject) refers to cjson.o(i.cJSON_CreateArray) for cJSON_CreateArray
    cjson.o(i.cJSON_AddArrayToObject) refers to cjson.o(i.add_item_to_object) for add_item_to_object
    cjson.o(i.cJSON_AddArrayToObject) refers to cjson.o(i.cJSON_Delete) for cJSON_Delete
    cjson.o(i.cJSON_AddArrayToObject) refers to cjson.o(.data) for .data
    cjson.o(i.cJSON_AddBoolToObject) refers to cjson.o(i.cJSON_CreateBool) for cJSON_CreateBool
    cjson.o(i.cJSON_AddBoolToObject) refers to cjson.o(i.add_item_to_object) for add_item_to_object
    cjson.o(i.cJSON_AddBoolToObject) refers to cjson.o(i.cJSON_Delete) for cJSON_Delete
    cjson.o(i.cJSON_AddBoolToObject) refers to cjson.o(.data) for .data
    cjson.o(i.cJSON_AddFalseToObject) refers to cjson.o(i.cJSON_CreateFalse) for cJSON_CreateFalse
    cjson.o(i.cJSON_AddFalseToObject) refers to cjson.o(i.add_item_to_object) for add_item_to_object
    cjson.o(i.cJSON_AddFalseToObject) refers to cjson.o(i.cJSON_Delete) for cJSON_Delete
    cjson.o(i.cJSON_AddFalseToObject) refers to cjson.o(.data) for .data
    cjson.o(i.cJSON_AddItemReferenceToArray) refers to cjson.o(i.create_reference) for create_reference
    cjson.o(i.cJSON_AddItemReferenceToArray) refers to cjson.o(i.add_item_to_array) for add_item_to_array
    cjson.o(i.cJSON_AddItemReferenceToArray) refers to cjson.o(.data) for .data
    cjson.o(i.cJSON_AddItemReferenceToObject) refers to cjson.o(i.create_reference) for create_reference
[...]
    i.Received                               0x080049a8   Section        0  main.o(i.Received)
    i.Reset_All_Key                          0x080049f4   Section        0  main.o(i.Reset_All_Key)
    i.SPI1SendByte                           0x08004a88   Section        0  rc522.o(i.SPI1SendByte)
    i.SPI1_ReadReg                           0x08004aa8   Section        0  rc522.o(i.SPI1_ReadReg)
    i.SPI1_WriteReg                          0x08004ad8   Section        0  rc522.o(i.SPI1_WriteReg)
    i.SPI_EndRxTxTransaction                 0x08004b08   Section        0  stm32f1xx_hal_spi.o(i.SPI_EndRxTxTransaction)
    SPI_EndRxTxTransaction                   0x08004b09   Thumb Code    32  stm32f1xx_hal_spi.o(i.SPI_EndRxTxTransaction)
    i.SPI_WaitFlagStateUntilTimeout          0x08004b28   Section        0  stm32f1xx_hal_spi.o(i.SPI_WaitFlagStateUntilTimeout)
    SPI_WaitFlagStateUntilTimeout            0x08004b29   Thumb Code   180  stm32f1xx_hal_spi.o(i.SPI_WaitFlagStateUntilTimeout)
    i.SVC_Handler                            0x08004be0   Section        0  stm32f1xx_it.o(i.SVC_Handler)
    i.SendDataJson                           0x08004be4   Section        0  main.o(i.SendDataJson)
    i.ServoStart                             0x08004ee4   Section        0  main.o(i.ServoStart)
    i.ServoStop                              0x08004f08   Section        0  main.o(i.ServoStop)
    i.SoSanh_MQ2                             0x08004f2c   Section        0  main.o(i.SoSanh_MQ2)
    i.Start_Servo_RFID                       0x08004f94   Section        0  main.o(i.Start_Servo_RFID)
    i.SysTick_Handler                        0x08004fe0   Section        0  stm32f1xx_it.o(i.SysTick_Handler)
    i.SystemClock_Config                     0x08004fee   Section        0  main.o(i.SystemClock_Config)
    i.SystemInit                             0x0800504e   Section        0  system_stm32f1xx.o(i.SystemInit)
    i.TIM_Base_SetConfig                     0x08005050   Section        0  stm32f1xx_hal_tim.o(i.TIM_Base_SetConfig)
    i.TIM_CCxChannelCmd                      0x080050bc   Section        0  stm32f1xx_hal_tim.o(i.TIM_CCxChannelCmd)
    i.TIM_ETR_SetConfig                      0x080050d6   Section        0  stm32f1xx_hal_tim.o(i.TIM_ETR_SetConfig)
    i.TIM_ITRx_SetConfig                     0x080050ea   Section        0  stm32f1xx_hal_tim.o(i.TIM_ITRx_SetConfig)
    TIM_ITRx_SetConfig                       0x080050eb   Thumb Code    16  stm32f1xx_hal_tim.o(i.TIM_ITRx_SetConfig)
    i.TIM_OC1_SetConfig                      0x080050fc   Section        0  stm32f1xx_hal_tim.o(i.TIM_OC1_SetConfig)
    TIM_OC1_SetConfig                        0x080050fd   Thumb Code    74  stm32f1xx_hal_tim.o(i.TIM_OC1_SetConfig)
    i.TIM_OC2_SetConfig                      0x0800514c   Section        0  stm32f1xx_hal_tim.o(i.TIM_OC2_SetConfig)
    i.TIM_OC3_SetConfig                      0x080051a4   Section        0  stm32f1xx_hal_tim.o(i.TIM_OC3_SetConfig)
    TIM_OC3_SetConfig                        0x080051a5   Thumb Code    82  stm32f1xx_hal_tim.o(i.TIM_OC3_SetConfig)
    i.TIM_OC4_SetConfig                      0x080051fc   Section        0  stm32f1xx_hal_tim.o(i.TIM_OC4_SetConfig)
    TIM_OC4_SetConfig                        0x080051fd   Thumb Code    64  stm32f1xx_hal_tim.o(i.TIM_OC4_SetConfig)
    i.TIM_TI1_ConfigInputStage               0x08005240   Section        0  stm32f1xx_hal_tim.o(i.TIM_TI1_ConfigInputStage)
    TIM_TI1_ConfigInputStage                 0x08005241   Thumb Code    34  stm32f1xx_hal_tim.o(i.TIM_TI1_ConfigInputStage)
    i.TIM_TI2_ConfigInputStage               0x08005262   Section        0  stm32f1xx_hal_tim.o(i.TIM_TI2_ConfigInputStage)
    TIM_TI2_ConfigInputStage                 0x08005263   Thumb Code    36  stm32f1xx_hal_tim.o(i.TIM_TI2_ConfigInputStage)
    i.Tims_delay_us                          0x08005288   Section        0  dht11.o(i.Tims_delay_us)
    i.UART_DMAAbortOnError                   0x080052c4   Section        0  stm32f1xx_hal_uart.o(i.UART_DMAAbortOnError)
    UART_DMAAbortOnError                     0x080052c5   Thumb Code    16  stm32f1xx_hal_uart.o(i.UART_DMAAbortOnError)
    i.UART_EndRxTransfer                     0x080052d4   Section        0  stm32f1xx_hal_uart.o(i.UART_EndRxTransfer)
    UART_EndRxTransfer                       0x080052d5   Thumb Code    48  stm32f1xx_hal_uart.o(i.UART_EndRxTransfer)
    i.UART_Receive_IT                        0x08005304   Section        0  stm32f1xx_hal_uart.o(i.UART_Receive_IT)
    UART_Receive_IT                          0x08005305   Thumb Code   182  stm32f1xx_hal_uart.o(i.UART_Receive_IT)
    i.UART_SetConfig                         0x080053bc   Section        0  stm32f1xx_hal_uart.o(i.UART_SetConfig)
    UART_SetConfig                           0x080053bd   Thumb Code   178  stm32f1xx_hal_uart.o(i.UART_SetConfig)
    i.UART_Start_Receive_IT                  0x08005474   Section        0  stm32f1xx_hal_uart.o(i.UART_Start_Receive_IT)
    i.UART_WaitOnFlagUntilTimeout            0x080054aa   Section        0  stm32f1xx_hal_uart.o(i.UART_WaitOnFlagUntilTimeout)
    UART_WaitOnFlagUntilTimeout              0x080054ab   Thumb Code   100  stm32f1xx_hal_uart.o(i.UART_WaitOnFlagUntilTimeout)
    i.USART1_IRQHandler                      0x08005510   Section        0  stm32f1xx_it.o(i.USART1_IRQHandler)
    i.USART2_IRQHandler                      0x0800551c   Section        0  stm32f1xx_it.o(i.USART2_IRQHandler)
    i.UsageFault_Handler                     0x08005528   Section        0  stm32f1xx_it.o(i.UsageFault_Handler)
    i.Write_Key                              0x0800552c   Section        0  main.o(i.Write_Key)
    i.XuLyJson                               0x080056ac   Section        0  main.o(i.XuLyJson)
    i.__0printf                              0x080058a0   Section        0  printfa.o(i.__0printf)
    i.__0sprintf                             0x080058c0   Section        0  printfa.o(i.__0sprintf)
    i.__NVIC_SetPriority                     0x080058e8   Section        0  stm32f1xx_hal_cortex.o(i.__NVIC_SetPriority)
    __NVIC_SetPriority                       0x080058e9   Thumb Code    32  stm32f1xx_hal_cortex.o(i.__NVIC_SetPriority)
    i.__aeabi_errno_addr                     0x08005908   Section        0  errno.o(i.__aeabi_errno_addr)
    i.__free$realloc                         0x08005910   Section        0  mallocr.o(i.__free$realloc)
    i.__malloc$realloc                       0x0800596c   Section        0  mallocr.o(i.__malloc$realloc)
    i.__scatterload_copy                     0x080059bc   Section       14  handlers.o(i.__scatterload_copy)
    i.__scatterload_null                     0x080059ca   Section        2  handlers.o(i.__scatterload_null)
    i.__scatterload_zeroinit                 0x080059cc   Section       14  handlers.o(i.__scatterload_zeroinit)
    i._fp_digits                             0x080059dc   Section        0  printfa.o(i._fp_digits)
    _fp_digits                               0x080059dd   Thumb Code   334  printfa.o(i._fp_digits)
    i._is_digit                              0x08005b40   Section        0  scanf_fp.o(i._is_digit)
    i._printf_core                           0x08005b50   Section        0  printfa.o(i._printf_core)
    _printf_core                             0x08005b51   Thumb Code  1744  printfa.o(i._printf_core)
    i._printf_post_padding                   0x0800622c   Section        0  printfa.o(i._printf_post_padding)
    _printf_post_padding                     0x0800622d   Thumb Code    36  printfa.o(i._printf_post_padding)
    i._printf_pre_padding                    0x08006250   Section        0  printfa.o(i._printf_pre_padding)
    _printf_pre_padding                      0x08006251   Thumb Code    46  printfa.o(i._printf_pre_padding)
    i._sputc                                 0x0800627e   Section        0  printfa.o(i._sputc)
    _sputc                                   0x0800627f   Thumb Code    10  printfa.o(i._sputc)
    i.buffer_skip_whitespace                 0x08006288   Section        0  cjson.o(i.buffer_skip_whitespace)
    buffer_skip_whitespace                   0x08006289   Thumb Code    48  cjson.o(i.buffer_skip_whitespace)
    i.cJSON_Delete                           0x080062b8   Section        0  cjson.o(i.cJSON_Delete)
    i.cJSON_GetObjectItem                    0x08006300   Section        0  cjson.o(i.cJSON_GetObjectItem)
    i.cJSON_New_Item                         0x08006306   Section        0  cjson.o(i.cJSON_New_Item)
    cJSON_New_Item                           0x08006307   Thumb Code    22  cjson.o(i.cJSON_New_Item)
    i.cJSON_Parse                            0x0800631c   Section        0  cjson.o(i.cJSON_Parse)
    i.cJSON_ParseWithLengthOpts              0x08006324   Section        0  cjson.o(i.cJSON_ParseWithLengthOpts)
    i.cJSON_ParseWithOpts                    0x08006400   Section        0  cjson.o(i.cJSON_ParseWithOpts)
    i.clearbufferEnd                         0x08006424   Section        0  main.o(i.clearbufferEnd)
    i.fputc                                  0x08006448   Section        0  main.o(i.fputc)
    i.get_object_item                        0x08006460   Section        0  cjson.o(i.get_object_item)
    get_object_item                          0x08006461   Thumb Code   122  cjson.o(i.get_object_item)
    i.internal_alloc                         0x080064dc   Section        0  mallocr.o(i.internal_alloc)
    internal_alloc                           0x080064dd   Thumb Code    76  mallocr.o(i.internal_alloc)
    i.lcd_clear                              0x0800652c   Section        0  i2c-lcd.o(i.lcd_clear)
    i.lcd_init                               0x0800653e   Section        0  i2c-lcd.o(i.lcd_init)
    i.lcd_send_cmd                           0x080065b8   Section        0  i2c-lcd.o(i.lcd_send_cmd)
    i.lcd_send_data                          0x080065f8   Section        0  i2c-lcd.o(i.lcd_send_data)
    i.lcd_send_string                        0x08006638   Section        0  i2c-lcd.o(i.lcd_send_string)
    i.main                                   0x0800664c   Section        0  main.o(i.main)
    i.map                                    0x0800680c   Section        0  main.o(i.map)
    i.parse_array                            0x08006820   Section        0  cjson.o(i.parse_array)
    parse_array                              0x08006821   Thumb Code   208  cjson.o(i.parse_array)
    i.parse_hex4                             0x080068f0   Section        0  cjson.o(i.parse_hex4)
    parse_hex4                               0x080068f1   Thumb Code    64  cjson.o(i.parse_hex4)
    i.parse_number                           0x08006930   Section        0  cjson.o(i.parse_number)
    parse_number                             0x08006931   Thumb Code   228  cjson.o(i.parse_number)
    i.parse_object                           0x08006a20   Section        0  cjson.o(i.parse_object)
    parse_object                             0x08006a21   Thumb Code   266  cjson.o(i.parse_object)
    i.parse_string                           0x08006b2c   Section        0  cjson.o(i.parse_string)
    parse_string                             0x08006b2d   Thumb Code   280  cjson.o(i.parse_string)
    i.parse_value                            0x08006c44   Section        0  cjson.o(i.parse_value)
    parse_value                              0x08006c45   Thumb Code   226  cjson.o(i.parse_value)
    i.realloc                                0x08006d40   Section        0  mallocr.o(i.realloc)
    i.strtod                                 0x08006dac   Section        0  strtod.o(i.strtod)
    i.utf16_literal_to_utf8                  0x08006dc8   Section        0  cjson.o(i.utf16_literal_to_utf8)
    utf16_literal_to_utf8                    0x08006dc9   Thumb Code   210  cjson.o(i.utf16_literal_to_utf8)
    .constdata                               0x08006e9a   Section       16  system_stm32f1xx.o(.constdata)
    .constdata                               0x08006eaa   Section        8  system_stm32f1xx.o(.constdata)
    .constdata                               0x08006eb2   Section      129  ctype_o.o(.constdata)
    .constdata                               0x08006f34   Section        4  ctype_o.o(.constdata)
    table                                    0x08006f34   Data           4  ctype_o.o(.constdata)
    .data                                    0x20000000   Section        8  dht11.o(.data)
    .data                                    0x20000008   Section       20  cjson.o(.data)
    global_error                             0x20000008   Data           8  cjson.o(.data)
    global_hooks                             0x20000010   Data          12  cjson.o(.data)
    .data                                    0x2000001c   Section      160  main.o(.data)
    rfid_entering                            0x2000001d   Data           1  main.o(.data)
    EVENT                                    0x2000001e   Data           1  main.o(.data)
    buttonPressCounter                       0x20000024   Data           4  main.o(.data)
    buzzerTime                               0x2000006c   Data           4  main.o(.data)
    buzzerON                                 0x20000070   Data           4  main.o(.data)
    buzzerOff                                0x20000074   Data           4  main.o(.data)
    buzzerLoop                               0x20000078   Data           4  main.o(.data)
    .data                                    0x200000bc   Section       62  main.o(.data)
    .data                                    0x200000fc   Section       12  stm32f1xx_hal.o(.data)
    .data                                    0x20000108   Section        4  system_stm32f1xx.o(.data)
    .data                                    0x2000010c   Section        2  eeprom.o(.data)
    .data                                    0x20000110   Section        4  stdout.o(.data)
    .data                                    0x20000114   Section        4  mvars.o(.data)
    .data                                    0x20000118   Section        4  mvars.o(.data)
    .data                                    0x2000011c   Section        4  errno.o(.data)
    _errno                                   0x2000011c   Data           4  errno.o(.data)
    .bss                                     0x20000120   Section     3040  main.o(.bss)
    .bss                                     0x20000d00   Section       48  adc.o(.bss)
    .bss                                     0x20000d30   Section       84  i2c.o(.bss)
    .bss                                     0x20000d84   Section       88  spi.o(.bss)
    .bss                                     0x20000ddc   Section      144  tim.o(.bss)
    .bss                                     0x20000e6c   Section      136  usart.o(.bss)
    .bss                                     0x20000ef8   Section       32  stm32f1xx_hal_flash.o(.bss)
    HEAP                                     0x20000f18   Section      512  startup_stm32f103xb.o(HEAP)
    STACK                                    0x20001118   Section     1024  startup_stm32f103xb.o(STACK)

    Global Symbols

    Symbol Name                              Value     Ov Type        Size  Object(Section)

    BuildAttributes$$THM_ISAv4$P$D$K$B$S$PE$A:L22UL41UL21$X:L11$S22US41US21$IEEE1$IW$USESV6$~STKCKD$USESV7$~SHL$OTIME$ROPI$IEEEJ$EBA8$MICROLIB$REQ8$PRES8$EABIv2 0x00000000   Number         0  anon$$obj.o ABSOLUTE
    __ARM_use_no_argv                        0x00000000   Number         0  main.o ABSOLUTE
    _printf_a                                0x00000000   Number         0  stubs.o ABSOLUTE
    _printf_c                                0x00000000   Number         0  stubs.o ABSOLUTE
    _printf_charcount                        0x00000000   Number         0  stubs.o ABSOLUTE
    _printf_d                                0x00000000   Number         0  stubs.o ABSOLUTE
    _printf_e                                0x00000000   Number         0  stubs.o ABSOLUTE
    _printf_f                                0x00000000   Number         0  stubs.o ABSOLUTE
    _printf_flags                            0x00000000   Number         0  stubs.o ABSOLUTE
    _printf_fp_dec                           0x00000000   Number         0  stubs.o ABSOLUTE
    _printf_fp_hex                           0x00000000   Number         0  stubs.o ABSOLUTE
    _printf_g                                0x00000000   Number         0  stubs.o ABSOLUTE
    _printf_i                                0x00000000   Number         0  stubs.o ABSOLUTE
    _printf_int_dec                          0x00000000   Number         0  stubs.o ABSOLUTE
    _printf_l                                0x00000000   Number         0  stubs.o ABSOLUTE
    _printf_lc                               0x00000000   Number         0  stubs.o ABSOLUTE
    _printf_ll                               0x00000000   Number         0  stubs.o ABSOLUTE
    _printf_lld                              0x00000000   Number         0  stubs.o ABSOLUTE
    _printf_lli                              0x00000000   Number         0  stubs.o ABSOLUTE
    _printf_llo                              0x00000000   Number         0  stubs.o ABSOLUTE
    _printf_llu                              0x00000000   Number         0  stubs.o ABSOLUTE
    _printf_llx                              0x00000000   Number         0  stubs.o ABSOLUTE
    _printf_longlong_dec                     0x00000000   Number         0  stubs.o ABSOLUTE
    _printf_longlong_hex                     0x00000000   Number         0  stubs.o ABSOLUTE
    _printf_longlong_oct                     0x00000000   Number         0  stubs.o ABSOLUTE
    _printf_ls                               0x00000000   Number         0  stubs.o ABSOLUTE
    _printf_mbtowc                           0x00000000   Number         0  stubs.o ABSOLUTE
    _printf_n                                0x00000000   Number         0  stubs.o ABSOLUTE
    _printf_o                                0x00000000   Number         0  stubs.o ABSOLUTE
    _printf_p                                0x00000000   Number         0  stubs.o ABSOLUTE
    _printf_percent                          0x00000000   Number         0  stubs.o ABSOLUTE
    _printf_pre_padding                      0x00000000   Number         0  stubs.o ABSOLUTE
    _printf_return_value                     0x00000000   Number         0  stubs.o ABSOLUTE
    _printf_s                                0x00000000   Number         0  stubs.o ABSOLUTE
    _printf_sizespec                         0x00000000   Number         0  stubs.o ABSOLUTE
    _printf_str                              0x00000000   Number         0  stubs.o ABSOLUTE
    _printf_truncate_signed                  0x00000000   Number         0  stubs.o ABSOLUTE
    _printf_truncate_unsigned                0x00000000   Number         0  stubs.o ABSOLUTE
    _printf_u                                0x00000000   Number         0  stubs.o ABSOLUTE
    _printf_wc                               0x00000000   Number         0  stubs.o ABSOLUTE
    _printf_wctomb                           0x00000000   Number         0  stubs.o ABSOLUTE
    _printf_widthprec                        0x00000000   Number         0  stubs.o ABSOLUTE
    _printf_x                                0x00000000   Number         0  stubs.o ABSOLUTE
    __cpp_initialize__aeabi_                  - Undefined Weak Reference
    __cxa_finalize                            - Undefined Weak Reference
    __decompress                              - Undefined Weak Reference
    _clock_init                               - Undefined Weak Reference
    _microlib_exit                            - Undefined Weak Reference
    _scanf_int                                - Undefined Weak Reference
    _scanf_longlong                           - Undefined Weak Reference
    _scanf_string                             - Undefined Weak Reference
    __Vectors_Size                           0x000000ec   Number         0  startup_stm32f103xb.o ABSOLUTE
    __Vectors                                0x08000000   Data           4  startup_stm32f103xb.o(RESET)
    __Vectors_End                            0x080000ec   Data           0  startup_stm32f103xb.o(RESET)
    __main                                   0x080000ed   Thumb Code     0  entry.o(.ARM.Collect$$$$00000000)
    _main_stk                                0x080000ed   Thumb Code     0  entry2.o(.ARM.Collect$$$$00000001)
    _main_scatterload                        0x080000f1   Thumb Code     0  entry5.o(.ARM.Collect$$$$00000004)
    __main_after_scatterload                 0x080000f5   Thumb Code     0  entry5.o(.ARM.Collect$$$$00000004)
    _main_clock                              0x080000f5   Thumb Code     0  entry7b.o(.ARM.Collect$$$$00000008)
    _main_cpp_init                           0x080000f5   Thumb Code     0  entry8b.o(.ARM.Collect$$$$0000000A)
    _main_init                               0x080000f5   Thumb Code     0  entry9a.o(.ARM.Collect$$$$0000000B)
    __rt_final_cpp                           0x080000fd   Thumb Code     0  entry10a.o(.ARM.Collect$$$$0000000D)
    __rt_final_exit                          0x080000fd   Thumb Code     0  entry11a.o(.ARM.Collect$$$$0000000F)
    Reset_Handler                            0x08000101   Thumb Code     8  startup_stm32f103xb.o(.text)
    ADC1_2_IRQHandler                        0x0800011b   Thumb Code     0  startup_stm32f103xb.o(.text)
    CAN1_RX1_IRQHandler                      0x0800011b   Thumb Code     0  startup_stm32f103xb.o(.text)
    CAN1_SCE_IRQHandler                      0x0800011b   Thumb Code     0  startup_stm32f103xb.o(.text)
    DMA1_Channel1_IRQHandler                 0x0800011b   Thumb Code     0  startup_stm32f103xb.o(.text)
    DMA1_Channel2_IRQHandler                 0x0800011b   Thumb Code     0  startup_stm32f103xb.o(.text)
    DMA1_Channel3_IRQHandler                 0x0800011b   Thumb Code     0  startup_stm32f103xb.o(.text)
    DMA1_Channel4_IRQHandler                 0x0800011b   Thumb Code     0  startup_stm32f103xb.o(.text)
    DMA1_Channel5_IRQHandler                 0x0800011b   Thumb Code     0  startup_stm32f103xb.o(.text)
    DMA1_Channel6_IRQHandler                 0x0800011b   Thumb Code     0  startup_stm32f103xb.o(.text)
    DMA1_Channel7_IRQHandler                 0x0800011b   Thumb Code     0  startup_stm32f103xb.o(.text)
    EXTI0_IRQHandler                         0x0800011b   Thumb Code     0  startup_stm32f103xb.o(.text)
    EXTI15_10_IRQHandler                     0x0800011b   Thumb Code     0  startup_stm32f103xb.o(.text)
    EXTI1_IRQHandler                         0x0800011b   Thumb Code     0  startup_stm32f103xb.o(.text)
    EXTI2_IRQHandler                         0x0800011b   Thumb Code     0  startup_stm32f103xb.o(.text)
    EXTI3_IRQHandler                         0x0800011b   Thumb Code     0  startup_stm32f103xb.o(.text)
    EXTI4_IRQHandler                         0x0800011b   Thumb Code     0  startup_stm32f103xb.o(.text)
    EXTI9_5_IRQHandler                       0x0800011b   Thumb Code     0  startup_stm32f103xb.o(.text)
    FLASH_IRQHandler                         0x0800011b   Thumb Code     0  startup_stm32f103xb.o(.text)
    I2C1_ER_IRQHandler                       0x0800011b   Thumb Code     0  startup_stm32f103xb.o(.text)
    I2C1_EV_IRQHandler                       0x0800011b   Thumb Code     0  startup_stm32f103xb.o(.text)
    I2C2_ER_IRQHandler                       0x0800011b   Thumb Code     0  startup_stm32f103xb.o(.text)
    I2C2_EV_IRQHandler                       0x0800011b   Thumb Code     0  startup_stm32f103xb.o(.text)
    PVD_IRQHandler                           0x0800011b   Thumb Code     0  startup_stm32f103xb.o(.text)
    RCC_IRQHandler                           0x0800011b   Thumb Code     0  startup_stm32f103xb.o(.text)
    RTC_Alarm_IRQHandler                     0x0800011b   Thumb Code     0  startup_stm32f103xb.o(.text)
    RTC_IRQHandler                           0x0800011b   Thumb Code     0  startup_stm32f103xb.o(.text)
    SPI1_IRQHandler                          0x0800011b   Thumb Code     0  startup_stm32f103xb.o(.text)
    SPI2_IRQHandler                          0x0800011b   Thumb Code     0  startup_stm32f103xb.o(.text)
    TAMPER_IRQHandler                        0x0800011b   Thumb Code     0  startup_stm32f103xb.o(.text)
    TIM1_BRK_IRQHandler                      0x0800011b   Thumb Code     0  startup_stm32f103xb.o(.text)
    TIM1_CC_IRQHandler                       0x0800011b   Thumb Code     0  startup_stm32f103xb.o(.text)
    TIM1_TRG_COM_IRQHandler                  0x0800011b   Thumb Code     0  startup_stm32f103xb.o(.text)
    TIM1_UP_IRQHandler                       0x0800011b   Thumb Code     0  startup_stm32f103xb.o(.text)
    TIM2_IRQHandler                          0x0800011b   Thumb Code     0  startup_stm32f103xb.o(.text)
    TIM3_IRQHandler                          0x0800011b   Thumb Code     0  startup_stm32f103xb.o(.text)
    TIM4_IRQHandler                          0x0800011b   Thumb Code     0  startup_stm32f103xb.o(.text)
    USART3_IRQHandler                        0x0800011b   Thumb Code     0  startup_stm32f103xb.o(.text)
    USBWakeUp_IRQHandler                     0x0800011b   Thumb Code     0  startup_stm32f103xb.o(.text)
    USB_HP_CAN1_TX_IRQHandler                0x0800011b   Thumb Code     0  startup_stm32f103xb.o(.text)
    USB_LP_CAN1_RX0_IRQHandler               0x0800011b   Thumb Code     0  startup_stm32f103xb.o(.text)
    WWDG_IRQHandler                          0x0800011b   Thumb Code     0  startup_stm32f103xb.o(.text)
    __aeabi_llsr                             0x08000125   Thumb Code    32  llushr.o(.text)
    _ll_ushift_r                             0x08000125   Thumb Code     0  llushr.o(.text)
    tolower                                  0x08000145   Thumb Code    12  tolower.o(.text)
    __aeabi_memcpy                           0x08000151   Thumb Code    36  memcpya.o(.text)
    __aeabi_memcpy4                          0x08000151   Thumb Code     0  memcpya.o(.text)
    __aeabi_memcpy8                          0x08000151   Thumb Code     0  memcpya.o(.text)
    __aeabi_memset                           0x08000175   Thumb Code    14  memseta.o(.text)
    __aeabi_memset4                          0x08000175   Thumb Code     0  memseta.o(.text)
    __aeabi_memset8                          0x08000175   Thumb Code     0  memseta.o(.text)
    __aeabi_memclr                           0x08000183   Thumb Code     4  memseta.o(.text)
    __aeabi_memclr4                          0x08000183   Thumb Code     0  memseta.o(.text)
    __aeabi_memclr8                          0x08000183   Thumb Code     0  memseta.o(.text)
    _memset$wrapper                          0x08000187   Thumb Code    18  memseta.o(.text)
    strcat                                   0x08000199   Thumb Code    24  strcat.o(.text)
    strstr                                   0x080001b1   Thumb Code    36  strstr.o(.text)
    strlen                                   0x080001d5   Thumb Code    14  strlen.o(.text)
    strcmp                                   0x080001e3   Thumb Code    28  strcmp.o(.text)
    strncmp                                  0x080001ff   Thumb Code    30  strncmp.o(.text)
    _scanf_real                              0x0800031d   Thumb Code     0  scanf_fp.o(.text)
    _scanf_really_real                       0x0800031d   Thumb Code   556  scanf_fp.o(.text)
    atoi                                     0x08000555   Thumb Code    26  atoi.o(.text)
    __aeabi_dadd                             0x0800056f   Thumb Code   322  dadd.o(.text)
    __aeabi_dsub                             0x080006b1   Thumb Code     6  dadd.o(.text)
    __aeabi_drsub                            0x080006b7   Thumb Code     6  dadd.o(.text)
    __aeabi_d2iz                             0x080006bd   Thumb Code    62  dfixi.o(.text)
    __aeabi_cdcmpeq                          0x080006fd   Thumb Code     0  cdcmple.o(.text)
    __aeabi_cdcmple                          0x080006fd   Thumb Code    48  cdcmple.o(.text)
    __aeabi_cdrcmple                         0x0800072d   Thumb Code    48  cdrcmple.o(.text)
    __aeabi_uidiv                            0x0800075d   Thumb Code     0  uidiv.o(.text)
    __aeabi_uidivmod                         0x0800075d   Thumb Code    44  uidiv.o(.text)
    __aeabi_uldivmod                         0x08000789   Thumb Code    98  uldiv.o(.text)
    __aeabi_llsl                             0x080007eb   Thumb Code    30  llshl.o(.text)
    _ll_shift_l                              0x080007eb   Thumb Code     0  llshl.o(.text)
    __aeabi_lasr                             0x08000809   Thumb Code    36  llsshr.o(.text)
    _ll_sshift_r                             0x08000809   Thumb Code     0  llsshr.o(.text)
    _sgetc                                   0x0800082d   Thumb Code    30  _sgetc.o(.text)
    _sbackspace                              0x0800084b   Thumb Code    34  _sgetc.o(.text)
    __strtod_int                             0x080008a3   Thumb Code    88  strtod.o(.text)
    strtol                                   0x08000909   Thumb Code   112  strtol.o(.text)
    __I$use$fp                               0x08000979   Thumb Code     0  iusefp.o(.text)
    _double_round                            0x08000979   Thumb Code    30  depilogue.o(.text)
    _double_epilogue                         0x08000997   Thumb Code   156  depilogue.o(.text)
    __aeabi_dmul                             0x08000a33   Thumb Code   228  dmul.o(.text)
    __aeabi_ddiv                             0x08000b17   Thumb Code   222  ddiv.o(.text)
    __aeabi_ul2d                             0x08000bf5   Thumb Code    24  dfltul.o(.text)
    __aeabi_d2ulz                            0x08000c0d   Thumb Code    48  dfixul.o(.text)
    __aeabi_d2f                              0x08000c3d   Thumb Code    56  d2f.o(.text)
    __scatterload                            0x08000c75   Thumb Code    28  init.o(.text)
    __scatterload_rt2                        0x08000c75   Thumb Code     0  init.o(.text)
    __rt_ctype_table                         0x08000c99   Thumb Code     4  ctype_o.o(.text)
    isspace                                  0x08000ca1   Thumb Code    18  isspace_o.o(.text)
    _strtoul                                 0x08000cb3   Thumb Code   158  _strtoul.o(.text)
    _float_round                             0x08000d51   Thumb Code    18  fepilogue.o(.text)
    _float_epilogue                          0x08000d63   Thumb Code    92  fepilogue.o(.text)
    _chval                                   0x08000dbf   Thumb Code    28  _chval.o(.text)
    ADC_ConversionStop_Disable               0x08000ddd   Thumb Code    86  stm32f1xx_hal_adc.o(i.ADC_ConversionStop_Disable)
    ADC_Enable                               0x08000e35   Thumb Code   114  stm32f1xx_hal_adc.o(i.ADC_Enable)
    Btn_Press_Timeout_Callback               0x08000eb1   Thumb Code     2  button.o(i.Btn_Press_Timeout_Callback)
    Btn_Press_Timeout_Repeat_Callback        0x08000eb5   Thumb Code   118  main.o(i.Btn_Press_Timeout_Repeat_Callback)
    Btn_Pressed_Short_Callback               0x08000f7d   Thumb Code     2  button.o(i.Btn_Pressed_Short_Callback)
    Btn_Pressing_Callback                    0x08000f81   Thumb Code    60  main.o(i.Btn_Pressing_Callback)
    Btn_Release_Callback                     0x08000fe1   Thumb Code     2  button.o(i.Btn_Release_Callback)
    Btn_Release_Timeout_Callback             0x08000fe5   Thumb Code    56  main.o(i.Btn_Release_Timeout_Callback)
    BusFault_Handler                         0x08001065   Thumb Code     2  stm32f1xx_it.o(i.BusFault_Handler)
    Button_Handle                            0x08001067   Thumb Code   270  button.o(i.Button_Handle)
    Button_Init                              0x08001175   Thumb Code    30  button.o(i.Button_Init)
    BuzzerControl                            0x08001195   Thumb Code    70  main.o(i.BuzzerControl)
    DHT11                                    0x080011e5   Thumb Code    24  dht11.o(i.DHT11)
    DHT11_Check                              0x080011fd   Thumb Code    28  dht11.o(i.DHT11_Check)
    DHT11_READ_BIT                           0x0800124d   Thumb Code    54  dht11.o(i.DHT11_READ_BIT)
    DHT11_READ_BYTE                          0x08001289   Thumb Code    32  dht11.o(i.DHT11_READ_BYTE)
    DHT11_READ_DATA                          0x080012a9   Thumb Code   134  dht11.o(i.DHT11_READ_DATA)
    DHT11_START                              0x08001369   Thumb Code    36  dht11.o(i.DHT11_START)
    DebugMon_Handler                         0x08001391   Thumb Code     2  stm32f1xx_it.o(i.DebugMon_Handler)
    Delete_Key                               0x08001395   Thumb Code   128  main.o(i.Delete_Key)
    DieuKhienCua                             0x0800144d   Thumb Code    30  main.o(i.DieuKhienCua)
    DieuKhienDen1                            0x08001485   Thumb Code    60  main.o(i.DieuKhienDen1)
    DieuKhienDen2                            0x080014e1   Thumb Code    60  main.o(i.DieuKhienDen2)
    DieuKhienDen3                            0x0800153d   Thumb Code    60  main.o(i.DieuKhienDen3)
    DieuKhienDen4                            0x08001599   Thumb Code    60  main.o(i.DieuKhienDen4)
    DieuKhienQuat1                           0x080015f5   Thumb Code    56  main.o(i.DieuKhienQuat1)
    DieuKhienQuat2                           0x0800164d   Thumb Code    56  main.o(i.DieuKhienQuat2)
    DieuKhienQuat3                           0x080016a5   Thumb Code    60  main.o(i.DieuKhienQuat3)
    Display_Temp_Humidity                    0x08001701   Thumb Code   146  main.o(i.Display_Temp_Humidity)
    EE_Init                                  0x08001875   Thumb Code   380  eeprom.o(i.EE_Init)
    EE_ReadVariable                          0x08001ab9   Thumb Code    64  eeprom.o(i.EE_ReadVariable)
    EE_WriteVariable                         0x08001b7d   Thumb Code    28  eeprom.o(i.EE_WriteVariable)
    Error_Handler                            0x08001b99   Thumb Code     2  main.o(i.Error_Handler)
    FLASH_PageErase                          0x08001bc1   Thumb Code    28  stm32f1xx_hal_flash_ex.o(i.FLASH_PageErase)
    FLASH_WaitForLastOperation               0x08001c5d   Thumb Code    80  stm32f1xx_hal_flash.o(i.FLASH_WaitForLastOperation)
    HAL_ADC_ConfigChannel                    0x08001cb1   Thumb Code   240  stm32f1xx_hal_adc.o(i.HAL_ADC_ConfigChannel)
    HAL_ADC_GetValue                         0x08001dad   Thumb Code     6  stm32f1xx_hal_adc.o(i.HAL_ADC_GetValue)
    HAL_ADC_Init                             0x08001db5   Thumb Code   272  stm32f1xx_hal_adc.o(i.HAL_ADC_Init)
    HAL_ADC_MspInit                          0x08001ed1   Thumb Code    76  adc.o(i.HAL_ADC_MspInit)
    HAL_ADC_PollForConversion                0x08001f29   Thumb Code   304  stm32f1xx_hal_adc.o(i.HAL_ADC_PollForConversion)
    HAL_ADC_Start                            0x08002065   Thumb Code   184  stm32f1xx_hal_adc.o(i.HAL_ADC_Start)
    HAL_ADC_Stop                             0x08002125   Thumb Code    52  stm32f1xx_hal_adc.o(i.HAL_ADC_Stop)
    HAL_DMA_Abort                            0x08002159   Thumb Code    70  stm32f1xx_hal_dma.o(i.HAL_DMA_Abort)
    HAL_DMA_Abort_IT                         0x080021a1   Thumb Code   148  stm32f1xx_hal_dma.o(i.HAL_DMA_Abort_IT)
    HAL_Delay                                0x08002239   Thumb Code    32  stm32f1xx_hal.o(i.HAL_Delay)
    HAL_FLASHEx_Erase                        0x0800225d   Thumb Code   160  stm32f1xx_hal_flash_ex.o(i.HAL_FLASHEx_Erase)
    HAL_FLASH_Program                        0x08002305   Thumb Code   120  stm32f1xx_hal_flash.o(i.HAL_FLASH_Program)
    HAL_FLASH_Unlock                         0x08002385   Thumb Code    28  stm32f1xx_hal_flash.o(i.HAL_FLASH_Unlock)
    HAL_GPIO_Init                            0x080023ad   Thumb Code   446  stm32f1xx_hal_gpio.o(i.HAL_GPIO_Init)
    HAL_GPIO_ReadPin                         0x0800258d   Thumb Code    10  stm32f1xx_hal_gpio.o(i.HAL_GPIO_ReadPin)
    HAL_GPIO_WritePin                        0x08002597   Thumb Code    10  stm32f1xx_hal_gpio.o(i.HAL_GPIO_WritePin)
    HAL_GetTick                              0x080025a1   Thumb Code     6  stm32f1xx_hal.o(i.HAL_GetTick)
    HAL_I2C_Init                             0x080025ad   Thumb Code   376  stm32f1xx_hal_i2c.o(i.HAL_I2C_Init)
    HAL_I2C_Master_Transmit                  0x08002735   Thumb Code   290  stm32f1xx_hal_i2c.o(i.HAL_I2C_Master_Transmit)
    HAL_I2C_MspInit                          0x08002861   Thumb Code    80  i2c.o(i.HAL_I2C_MspInit)
    HAL_IncTick                              0x080028bd   Thumb Code    12  stm32f1xx_hal.o(i.HAL_IncTick)
    HAL_Init                                 0x080028cd   Thumb Code    32  stm32f1xx_hal.o(i.HAL_Init)
    HAL_InitTick                             0x080028f1   Thumb Code    54  stm32f1xx_hal.o(i.HAL_InitTick)
    HAL_MspInit                              0x08002931   Thumb Code    52  stm32f1xx_hal_msp.o(i.HAL_MspInit)
    HAL_NVIC_EnableIRQ                       0x0800296d   Thumb Code    26  stm32f1xx_hal_cortex.o(i.HAL_NVIC_EnableIRQ)
    HAL_NVIC_SetPriority                     0x08002989   Thumb Code    60  stm32f1xx_hal_cortex.o(i.HAL_NVIC_SetPriority)
    HAL_NVIC_SetPriorityGrouping             0x080029c9   Thumb Code    26  stm32f1xx_hal_cortex.o(i.HAL_NVIC_SetPriorityGrouping)
    HAL_RCCEx_GetPeriphCLKFreq               0x080029ed   Thumb Code   166  stm32f1xx_hal_rcc_ex.o(i.HAL_RCCEx_GetPeriphCLKFreq)
    HAL_RCCEx_PeriphCLKConfig                0x08002ab5   Thumb Code   224  stm32f1xx_hal_rcc_ex.o(i.HAL_RCCEx_PeriphCLKConfig)
    HAL_RCC_ClockConfig                      0x08002ba1   Thumb Code   280  stm32f1xx_hal_rcc.o(i.HAL_RCC_ClockConfig)
    HAL_RCC_GetPCLK1Freq                     0x08002ccd   Thumb Code    20  stm32f1xx_hal_rcc.o(i.HAL_RCC_GetPCLK1Freq)
    HAL_RCC_GetPCLK2Freq                     0x08002ced   Thumb Code    20  stm32f1xx_hal_rcc.o(i.HAL_RCC_GetPCLK2Freq)
    HAL_RCC_GetSysClockFreq                  0x08002d0d   Thumb Code    74  stm32f1xx_hal_rcc.o(i.HAL_RCC_GetSysClockFreq)
    HAL_RCC_OscConfig                        0x08002d79   Thumb Code   778  stm32f1xx_hal_rcc.o(i.HAL_RCC_OscConfig)
    HAL_SPI_Init                             0x08003099   Thumb Code   178  stm32f1xx_hal_spi.o(i.HAL_SPI_Init)
    HAL_SPI_MspInit                          0x0800314d   Thumb Code    98  spi.o(i.HAL_SPI_MspInit)
    HAL_SPI_TransmitReceive                  0x080031bd   Thumb Code   482  stm32f1xx_hal_spi.o(i.HAL_SPI_TransmitReceive)
    HAL_SYSTICK_Config                       0x0800339f   Thumb Code    40  stm32f1xx_hal_cortex.o(i.HAL_SYSTICK_Config)
    HAL_TIMEx_MasterConfigSynchronization    0x080033c9   Thumb Code    92  stm32f1xx_hal_tim_ex.o(i.HAL_TIMEx_MasterConfigSynchronization)
    HAL_TIM_Base_Init                        0x08003431   Thumb Code    90  stm32f1xx_hal_tim.o(i.HAL_TIM_Base_Init)
    HAL_TIM_Base_MspInit                     0x0800348d   Thumb Code    52  tim.o(i.HAL_TIM_Base_MspInit)
    HAL_TIM_ConfigClockSource                0x080034c9   Thumb Code   214  stm32f1xx_hal_tim.o(i.HAL_TIM_ConfigClockSource)
    HAL_TIM_MspPostInit                      0x080035a1   Thumb Code    60  tim.o(i.HAL_TIM_MspPostInit)
    HAL_TIM_PWM_ConfigChannel                0x080035e5   Thumb Code   198  stm32f1xx_hal_tim.o(i.HAL_TIM_PWM_ConfigChannel)
    HAL_TIM_PWM_Init                         0x080036ab   Thumb Code    90  stm32f1xx_hal_tim.o(i.HAL_TIM_PWM_Init)
    HAL_TIM_PWM_MspInit                      0x08003705   Thumb Code     2  stm32f1xx_hal_tim.o(i.HAL_TIM_PWM_MspInit)
    HAL_TIM_PWM_Start                        0x08003709   Thumb Code   144  stm32f1xx_hal_tim.o(i.HAL_TIM_PWM_Start)
    HAL_UARTEx_RxEventCallback               0x080037a5   Thumb Code     2  stm32f1xx_hal_uart.o(i.HAL_UARTEx_RxEventCallback)
    HAL_UART_ErrorCallback                   0x080037a7   Thumb Code     2  stm32f1xx_hal_uart.o(i.HAL_UART_ErrorCallback)
    HAL_UART_IRQHandler                      0x080037a9   Thumb Code   520  stm32f1xx_hal_uart.o(i.HAL_UART_IRQHandler)
    HAL_UART_Init                            0x080039b5   Thumb Code    98  stm32f1xx_hal_uart.o(i.HAL_UART_Init)
    HAL_UART_MspInit                         0x08003a19   Thumb Code   198  usart.o(i.HAL_UART_MspInit)
    HAL_UART_Receive_IT                      0x08003af1   Thumb Code    42  stm32f1xx_hal_uart.o(i.HAL_UART_Receive_IT)
    HAL_UART_RxCpltCallback                  0x08003b1d   Thumb Code    40  main.o(i.HAL_UART_RxCpltCallback)
    HAL_UART_Transmit                        0x08003b51   Thumb Code   178  stm32f1xx_hal_uart.o(i.HAL_UART_Transmit)
    HAL_UART_TxCpltCallback                  0x08003c03   Thumb Code     2  stm32f1xx_hal_uart.o(i.HAL_UART_TxCpltCallback)
    HardFault_Handler                        0x08003c05   Thumb Code     2  stm32f1xx_it.o(i.HardFault_Handler)
    HienThiLCD                               0x08003c09   Thumb Code    26  main.o(i.HienThiLCD)
    MFRC522_AntennaOn                        0x08003e93   Thumb Code    26  rc522.o(i.MFRC522_AntennaOn)
    MFRC522_Anticoll                         0x08003ead   Thumb Code    66  rc522.o(i.MFRC522_Anticoll)
    MFRC522_ClearBitMask                     0x08003eef   Thumb Code    24  rc522.o(i.MFRC522_ClearBitMask)
    MFRC522_CompareEEROM                     0x08003f09   Thumb Code    60  main.o(i.MFRC522_CompareEEROM)
    MFRC522_Init                             0x08003f49   Thumb Code    70  rc522.o(i.MFRC522_Init)
    MFRC522_ReadRegister                     0x08003f8f   Thumb Code    14  rc522.o(i.MFRC522_ReadRegister)
    MFRC522_Request                          0x08003f9d   Thumb Code    46  rc522.o(i.MFRC522_Request)
    MFRC522_Reset                            0x08003fcb   Thumb Code     8  rc522.o(i.MFRC522_Reset)
    MFRC522_SetBitMask                       0x08003fd3   Thumb Code    24  rc522.o(i.MFRC522_SetBitMask)
    MFRC522_ToCard                           0x08003feb   Thumb Code   276  rc522.o(i.MFRC522_ToCard)
    MFRC522_WriteRegister                    0x080040ff   Thumb Code    10  rc522.o(i.MFRC522_WriteRegister)
    MX_ADC1_Init                             0x08004109   Thumb Code    68  adc.o(i.MX_ADC1_Init)
    MX_GPIO_Init                             0x08004155   Thumb Code   256  gpio.o(i.MX_GPIO_Init)
    MX_I2C1_Init                             0x08004265   Thumb Code    50  i2c.o(i.MX_I2C1_Init)
    MX_SPI1_Init                             0x080042a5   Thumb Code    62  spi.o(i.MX_SPI1_Init)
    MX_TIM1_Init                             0x080042ed   Thumb Code    96  tim.o(i.MX_TIM1_Init)
    MX_TIM2_Init                             0x08004355   Thumb Code   146  tim.o(i.MX_TIM2_Init)
    MX_USART1_UART_Init                      0x080043ed   Thumb Code    48  usart.o(i.MX_USART1_UART_Init)
    MX_USART2_UART_Init                      0x08004425   Thumb Code    48  usart.o(i.MX_USART2_UART_Init)
    MemManage_Handler                        0x0800445d   Thumb Code     2  stm32f1xx_it.o(i.MemManage_Handler)
    NMI_Handler                              0x0800445f   Thumb Code     2  stm32f1xx_it.o(i.NMI_Handler)
    PendSV_Handler                           0x08004461   Thumb Code     2  stm32f1xx_it.o(i.PendSV_Handler)
    Read_All_Button                          0x08004463   Thumb Code    42  main.o(i.Read_All_Button)
    Read_HongNgoai_Door                      0x0800448d   Thumb Code    68  main.o(i.Read_HongNgoai_Door)
    Read_HongNgoai_Tolet                     0x080044d9   Thumb Code    54  main.o(i.Read_HongNgoai_Tolet)
    Read_MQ2                                 0x08004519   Thumb Code    56  main.o(i.Read_MQ2)
    Read_Nut_Den1                            0x0800456d   Thumb Code    64  main.o(i.Read_Nut_Den1)
    Read_Nut_Den2                            0x080045c5   Thumb Code    58  main.o(i.Read_Nut_Den2)
    Read_Nut_Den3                            0x08004609   Thumb Code    58  main.o(i.Read_Nut_Den3)
    Read_Nut_Den4                            0x0800464d   Thumb Code    58  main.o(i.Read_Nut_Den4)
    Read_Nut_Quat1                           0x08004691   Thumb Code    58  main.o(i.Read_Nut_Quat1)
    Read_Nut_Quat2                           0x080046d5   Thumb Code    58  main.o(i.Read_Nut_Quat2)
    Read_Nut_Quat3                           0x08004719   Thumb Code    58  main.o(i.Read_Nut_Quat3)
    Read_RFID_RC522                          0x0800475d   Thumb Code   274  main.o(i.Read_RFID_RC522)
    Read_SenSor                              0x080048ed   Thumb Code   104  main.o(i.Read_SenSor)
    Received                                 0x080049a9   Thumb Code    44  main.o(i.Received)
    Reset_All_Key                            0x080049f5   Thumb Code   106  main.o(i.Reset_All_Key)
    SPI1SendByte                             0x08004a89   Thumb Code    28  rc522.o(i.SPI1SendByte)
    SPI1_ReadReg                             0x08004aa9   Thumb Code    44  rc522.o(i.SPI1_ReadReg)
    SPI1_WriteReg                            0x08004ad9   Thumb Code    44  rc522.o(i.SPI1_WriteReg)
    SVC_Handler                              0x08004be1   Thumb Code     2  stm32f1xx_it.o(i.SVC_Handler)
    SendDataJson                             0x08004be5   Thumb Code   632  main.o(i.SendDataJson)
    ServoStart                               0x08004ee5   Thumb Code    30  main.o(i.ServoStart)
    ServoStop                                0x08004f09   Thumb Code    30  main.o(i.ServoStop)
    SoSanh_MQ2                               0x08004f2d   Thumb Code    56  main.o(i.SoSanh_MQ2)
    Start_Servo_RFID                         0x08004f95   Thumb Code    54  main.o(i.Start_Servo_RFID)
    SysTick_Handler                          0x08004fe1   Thumb Code    14  stm32f1xx_it.o(i.SysTick_Handler)
    SystemClock_Config                       0x08004fef   Thumb Code    96  main.o(i.SystemClock_Config)
    SystemInit                               0x0800504f   Thumb Code     2  system_stm32f1xx.o(i.SystemInit)
    TIM_Base_SetConfig                       0x08005051   Thumb Code    94  stm32f1xx_hal_tim.o(i.TIM_Base_SetConfig)
    TIM_CCxChannelCmd                        0x080050bd   Thumb Code    26  stm32f1xx_hal_tim.o(i.TIM_CCxChannelCmd)
    TIM_ETR_SetConfig                        0x080050d7   Thumb Code    20  stm32f1xx_hal_tim.o(i.TIM_ETR_SetConfig)
    TIM_OC2_SetConfig                        0x0800514d   Thumb Code    84  stm32f1xx_hal_tim.o(i.TIM_OC2_SetConfig)
    Tims_delay_us                            0x08005289   Thumb Code    54  dht11.o(i.Tims_delay_us)
    UART_Start_Receive_IT                    0x08005475   Thumb Code    54  stm32f1xx_hal_uart.o(i.UART_Start_Receive_IT)
    USART1_IRQHandler                        0x08005511   Thumb Code     6  stm32f1xx_it.o(i.USART1_IRQHandler)
    USART2_IRQHandler                        0x0800551d   Thumb Code     6  stm32f1xx_it.o(i.USART2_IRQHandler)
    UsageFault_Handler                       0x08005529   Thumb Code     2  stm32f1xx_it.o(i.UsageFault_Handler)
    Write_Key                                0x0800552d   Thumb Code   276  main.o(i.Write_Key)
    XuLyJson                                 0x080056ad   Thumb Code   352  main.o(i.XuLyJson)
    __0printf                                0x080058a1   Thumb Code    22  printfa.o(i.__0printf)
    __1printf                                0x080058a1   Thumb Code     0  printfa.o(i.__0printf)
    __2printf                                0x080058a1   Thumb Code     0  printfa.o(i.__0printf)
    __c89printf                              0x080058a1   Thumb Code     0  printfa.o(i.__0printf)
    printf                                   0x080058a1   Thumb Code     0  printfa.o(i.__0printf)
    __0sprintf                               0x080058c1   Thumb Code    34  printfa.o(i.__0sprintf)
    __1sprintf                               0x080058c1   Thumb Code     0  printfa.o(i.__0sprintf)
    __2sprintf                               0x080058c1   Thumb Code     0  printfa.o(i.__0sprintf)
    __c89sprintf                             0x080058c1   Thumb Code     0  printfa.o(i.__0sprintf)
    sprintf                                  0x080058c1   Thumb Code     0  printfa.o(i.__0sprintf)
    __aeabi_errno_addr                       0x08005909   Thumb Code     4  errno.o(i.__aeabi_errno_addr)
    __rt_errno_addr                          0x08005909   Thumb Code     0  errno.o(i.__aeabi_errno_addr)
    free                                     0x08005911   Thumb Code    88  mallocr.o(i.__free$realloc)
    malloc                                   0x0800596d   Thumb Code    64  mallocr.o(i.__malloc$realloc)
    __scatterload_copy                       0x080059bd   Thumb Code    14  handlers.o(i.__scatterload_copy)
    __scatterload_null                       0x080059cb   Thumb Code     2  handlers.o(i.__scatterload_null)
    __scatterload_zeroinit                   0x080059cd   Thumb Code    14  handlers.o(i.__scatterload_zeroinit)
    _is_digit                                0x08005b41   Thumb Code    14  scanf_fp.o(i._is_digit)
    cJSON_Delete                             0x080062b9   Thumb Code    66  cjson.o(i.cJSON_Delete)
    cJSON_GetObjectItem                      0x08006301   Thumb Code     6  cjson.o(i.cJSON_GetObjectItem)
    cJSON_Parse                              0x0800631d   Thumb Code     8  cjson.o(i.cJSON_Parse)
    cJSON_ParseWithLengthOpts                0x08006325   Thumb Code   210  cjson.o(i.cJSON_ParseWithLengthOpts)
    cJSON_ParseWithOpts                      0x08006401   Thumb Code    34  cjson.o(i.cJSON_ParseWithOpts)
    clearbufferEnd                           0x08006425   Thumb Code    28  main.o(i.clearbufferEnd)
    fputc                                    0x08006449   Thumb Code    18  main.o(i.fputc)
    lcd_clear                                0x0800652d   Thumb Code    18  i2c-lcd.o(i.lcd_clear)
    lcd_init                                 0x0800653f   Thumb Code   120  i2c-lcd.o(i.lcd_init)
    lcd_send_cmd                             0x080065b9   Thumb Code    58  i2c-lcd.o(i.lcd_send_cmd)
    lcd_send_data                            0x080065f9   Thumb Code    58  i2c-lcd.o(i.lcd_send_data)
    lcd_send_string                          0x08006639   Thumb Code    20  i2c-lcd.o(i.lcd_send_string)
    main                                     0x0800664d   Thumb Code   388  main.o(i.main)
    map                                      0x0800680d   Thumb Code    20  main.o(i.map)
    realloc                                  0x08006d41   Thumb Code   102  mallocr.o(i.realloc)
    strtod                                   0x08006dad   Thumb Code    28  strtod.o(i.strtod)
    AHBPrescTable                            0x08006e9a   Data          16  system_stm32f1xx.o(.constdata)
    APBPrescTable                            0x08006eaa   Data           8  system_stm32f1xx.o(.constdata)
    __ctype_table                            0x08006eb2   Data         129  ctype_o.o(.constdata)
    Region$$Table$$Base                      0x08006f38   Number         0  anon$$obj.o(Region$$Table)
    Region$$Table$$Limit                     0x08006f58   Number         0  anon$$obj.o(Region$$Table)
    ND                                       0x20000000   Data           4  dht11.o(.data)
    DA                                       0x20000004   Data           4  dht11.o(.data)
    servo_start                              0x2000001c   Data           1  main.o(.data)
    pressing_exit                            0x2000001f   Data           1  main.o(.data)
    rx_data                                  0x20000020   Data           1  main.o(.data)
    new_id                                   0x20000022   Data           2  main.o(.data)
    last                                     0x20000028   Data           4  main.o(.data)
    TT_DEN1                                  0x2000002c   Data           4  main.o(.data)
    TT_DEN2                                  0x20000030   Data           4  main.o(.data)
    TT_DEN3                                  0x20000034   Data           4  main.o(.data)
    TT_DEN4                                  0x20000038   Data           4  main.o(.data)
    TT_QUAT1                                 0x2000003c   Data           4  main.o(.data)
    TT_QUAT2                                 0x20000040   Data           4  main.o(.data)
    TT_QUAT3                                 0x20000044   Data           4  main.o(.data)
    TT_COI                                   0x20000048   Data           4  main.o(.data)
    TT_CUA                                   0x2000004c   Data           4  main.o(.data)
    TT_IR                                    0x20000050   Data           4  main.o(.data)
    TT_MODE                                  0x20000054   Data           4  main.o(.data)
    Data_MQ2                                 0x20000058   Data           4  main.o(.data)
    Nguong_MQ2                               0x2000005c   Data           4  main.o(.data)
    lastServo                                0x20000060   Data           4  main.o(.data)
    i                                        0x20000064   Data           4  main.o(.data)
    rx_index                                 0x20000068   Data           4  main.o(.data)
    last_rfid_start                          0x2000007c   Data           4  main.o(.data)
    str_json                                 0x20000080   Data           4  main.o(.data)
    newCard                                  0x20000084   Data           5  main.o(.data)
    key                                      0x2000008a   Data          50  main.o(.data)
    VirtAddVarTab                            0x200000bc   Data          62  main.o(.data)
    uwTickFreq                               0x200000fc   Data           1  stm32f1xx_hal.o(.data)
    uwTickPrio                               0x20000100   Data           4  stm32f1xx_hal.o(.data)
    uwTick                                   0x20000104   Data           4  stm32f1xx_hal.o(.data)
    SystemCoreClock                          0x20000108   Data           4  system_stm32f1xx.o(.data)
    DataVar                                  0x2000010c   Data           2  eeprom.o(.data)
    __stdout                                 0x20000110   Data           4  stdout.o(.data)
    __microlib_freelist                      0x20000114   Data           4  mvars.o(.data)
    __microlib_freelist_initialised          0x20000118   Data           4  mvars.o(.data)
    str                                      0x20000120   Data          16  main.o(.bss)
    btn_rfid                                 0x20000130   Data          24  main.o(.bss)
    JSON                                     0x20000148   Data         200  main.o(.bss)
    Str_ND                                   0x20000210   Data         200  main.o(.bss)
    Str_DA                                   0x200002d8   Data         200  main.o(.bss)
    Str_DEN1                                 0x200003a0   Data         200  main.o(.bss)
    Str_DEN2                                 0x20000468   Data         200  main.o(.bss)
    Str_DEN3                                 0x20000530   Data         200  main.o(.bss)
    Str_DEN4                                 0x200005f8   Data         200  main.o(.bss)
    Str_QUAT1                                0x200006c0   Data         200  main.o(.bss)
    Str_QUAT2                                0x20000788   Data         200  main.o(.bss)
    Str_QUAT3                                0x20000850   Data         200  main.o(.bss)
    Str_COI                                  0x20000918   Data         200  main.o(.bss)
    Str_CUA                                  0x200009e0   Data         200  main.o(.bss)
    Str_IR                                   0x20000aa8   Data         200  main.o(.bss)
    Str_MODE                                 0x20000b70   Data         200  main.o(.bss)
    rx_buffer                                0x20000c38   Data         200  main.o(.bss)
    hadc1                                    0x20000d00   Data          48  adc.o(.bss)
    hi2c1                                    0x20000d30   Data          84  i2c.o(.bss)
    hspi1                                    0x20000d84   Data          88  spi.o(.bss)
    htim1                                    0x20000ddc   Data          72  tim.o(.bss)
    htim2                                    0x20000e24   Data          72  tim.o(.bss)
    huart1                                   0x20000e6c   Data          68  usart.o(.bss)
    huart2                                   0x20000eb0   Data          68  usart.o(.bss)
    pFlash                                   0x20000ef8   Data          32  stm32f1xx_hal_flash.o(.bss)
    __heap_base                              0x20000f18   Data           0  startup_stm32f103xb.o(HEAP)
    __heap_limit                             0x20001118   Data           0  startup_stm32f103xb.o(HEAP)
    __initial_sp                             0x20001518   Data           0  startup_stm32f103xb.o(STACK)



==============================================================================

Memory Map of the image

  Image Entry point : 0x080000ed

  Load Region LR_IROM1 (Base: 0x08000000, Size: 0x00007078, Max: 0x00010000, ABSOLUTE)

    Execution Region ER_IROM1 (Base: 0x08000000, Size: 0x00006f58, Max: 0x00010000, ABSOLUTE)

    Base Addr    Size         Type   Attr      Idx    E Section Name        Object

    0x08000000   0x000000ec   Data   RO            3    RESET               startup_stm32f103xb.o
    0x080000ec   0x00000000   Code   RO         5255  * .ARM.Collect$$$$00000000  mc_w.l(entry.o)
    0x080000ec   0x00000004   Code   RO         5591    .ARM.Collect$$$$00000001  mc_w.l(entry2.o)
    0x080000f0   0x00000004   Code   RO         5594    .ARM.Collect$$$$00000004  mc_w.l(entry5.o)
    0x080000f4   0x00000000   Code   RO         5596    .ARM.Collect$$$$00000008  mc_w.l(entry7b.o)
    0x080000f4   0x00000000   Code   RO         5598    .ARM.Collect$$$$0000000A  mc_w.l(entry8b.o)
    0x080000f4   0x00000008   Code   RO         5599    .ARM.Collect$$$$0000000B  mc_w.l(entry9a.o)
    0x080000fc   0x00000000   Code   RO         5601    .ARM.Collect$$$$0000000D  mc_w.l(entry10a.o)
    0x080000fc   0x00000000   Code   RO         5603    .ARM.Collect$$$$0000000F  mc_w.l(entry11a.o)
    0x080000fc   0x00000004   Code   RO         5592    .ARM.Collect$$$$00002712  mc_w.l(entry2.o)
    0x08000100   0x00000024   Code   RO            4    .text               startup_stm32f103xb.o
    0x08000124   0x00000020   Code   RO         5258    .text               mc_w.l(llushr.o)
    0x08000144   0x0000000c   Code   RO         5260    .text               mc_w.l(tolower.o)
    0x08000150   0x00000024   Code   RO         5262    .text               mc_w.l(memcpya.o)
    0x08000174   0x00000024   Code   RO         5264    .text               mc_w.l(memseta.o)
    0x08000198   0x00000018   Code   RO         5266    .text               mc_w.l(strcat.o)
    0x080001b0   0x00000024   Code   RO         5268    .text               mc_w.l(strstr.o)
    0x080001d4   0x0000000e   Code   RO         5270    .text               mc_w.l(strlen.o)
    0x080001e2   0x0000001c   Code   RO         5272    .text               mc_w.l(strcmp.o)
    0x080001fe   0x0000001e   Code   RO         5276    .text               mc_w.l(strncmp.o)
    0x0800021c   0x00000338   Code   RO         5571    .text               mc_w.l(scanf_fp.o)
    0x08000554   0x0000001a   Code   RO         5575    .text               mc_w.l(atoi.o)
    0x0800056e   0x0000014e   Code   RO         5577    .text               mf_w.l(dadd.o)
    0x080006bc   0x0000003e   Code   RO         5583    .text               mf_w.l(dfixi.o)
    0x080006fa   0x00000002   PAD
    0x080006fc   0x00000030   Code   RO         5587    .text               mf_w.l(cdcmple.o)
    0x0800072c   0x00000030   Code   RO         5589    .text               mf_w.l(cdrcmple.o)
    0x0800075c   0x0000002c   Code   RO         5606    .text               mc_w.l(uidiv.o)
    0x08000788   0x00000062   Code   RO         5608    .text               mc_w.l(uldiv.o)
    0x080007ea   0x0000001e   Code   RO         5610    .text               mc_w.l(llshl.o)
    0x08000808   0x00000024   Code   RO         5612    .text               mc_w.l(llsshr.o)
    0x0800082c   0x00000040   Code   RO         5625    .text               mc_w.l(_sgetc.o)
    0x0800086c   0x0000009c   Code   RO         5627    .text               mc_w.l(strtod.o)
    0x08000908   0x00000070   Code   RO         5629    .text               mc_w.l(strtol.o)
    0x08000978   0x00000000   Code   RO         5631    .text               mc_w.l(iusefp.o)
    0x08000978   0x000000ba   Code   RO         5632    .text               mf_w.l(depilogue.o)
    0x08000a32   0x000000e4   Code   RO         5634    .text               mf_w.l(dmul.o)
    0x08000b16   0x000000de   Code   RO         5636    .text               mf_w.l(ddiv.o)
    0x08000bf4   0x00000018   Code   RO         5638    .text               mf_w.l(dfltul.o)
    0x08000c0c   0x00000030   Code   RO         5640    .text               mf_w.l(dfixul.o)
    0x08000c3c   0x00000038   Code   RO         5642    .text               mf_w.l(d2f.o)
    0x08000c74   0x00000024   Code   RO         5644    .text               mc_w.l(init.o)
    0x08000c98   0x00000008   Code   RO         5648    .text               mc_w.l(ctype_o.o)
    0x08000ca0   0x00000012   Code   RO         5670    .text               mc_w.l(isspace_o.o)
    0x08000cb2   0x0000009e   Code   RO         5678    .text               mc_w.l(_strtoul.o)
    0x08000d50   0x0000006e   Code   RO         5680    .text               mf_w.l(fepilogue.o)
    0x08000dbe   0x0000001c   Code   RO         5685    .text               mc_w.l(_chval.o)
    0x08000dda   0x00000002   PAD
    0x08000ddc   0x00000056   Code   RO         1750    i.ADC_ConversionStop_Disable  stm32f1xx_hal_adc.o
    0x08000e32   0x00000002   PAD
    0x08000e34   0x0000007c   Code   RO         1754    i.ADC_Enable        stm32f1xx_hal_adc.o
    0x08000eb0   0x00000002   Code   RO         5188    i.Btn_Press_Timeout_Callback  button.o
    0x08000eb2   0x00000002   PAD
    0x08000eb4   0x000000c8   Code   RO         1034    i.Btn_Press_Timeout_Repeat_Callback  main.o
    0x08000f7c   0x00000002   Code   RO         5190    i.Btn_Pressed_Short_Callback  button.o
    0x08000f7e   0x00000002   PAD
    0x08000f80   0x00000060   Code   RO         1035    i.Btn_Pressing_Callback  main.o
    0x08000fe0   0x00000002   Code   RO         5192    i.Btn_Release_Callback  button.o
    0x08000fe2   0x00000002   PAD
    0x08000fe4   0x00000080   Code   RO         1036    i.Btn_Release_Timeout_Callback  main.o
    0x08001064   0x00000002   Code   RO         1602    i.BusFault_Handler  stm32f1xx_it.o
    0x08001066   0x0000010e   Code   RO         5194    i.Button_Handle     button.o
    0x08001174   0x0000001e   Code   RO         5195    i.Button_Init       button.o
    0x08001192   0x00000002   PAD
    0x08001194   0x00000050   Code   RO         1037    i.BuzzerControl     main.o
    0x080011e4   0x00000018   Code   RO           14    i.DHT11             dht11.o
    0x080011fc   0x00000020   Code   RO           15    i.DHT11_Check       dht11.o
    0x0800121c   0x00000030   Code   RO           16    i.DHT11_GPIO_MODE_SET  dht11.o
    0x0800124c   0x0000003c   Code   RO           17    i.DHT11_READ_BIT    dht11.o
    0x08001288   0x00000020   Code   RO           18    i.DHT11_READ_BYTE   dht11.o
    0x080012a8   0x000000c0   Code   RO           19    i.DHT11_READ_DATA   dht11.o
    0x08001368   0x00000028   Code   RO           20    i.DHT11_START       dht11.o
    0x08001390   0x00000002   Code   RO         1603    i.DebugMon_Handler  stm32f1xx_it.o
    0x08001392   0x00000002   PAD
    0x08001394   0x000000b8   Code   RO         1039    i.Delete_Key        main.o
    0x0800144c   0x00000038   Code   RO         1040    i.DieuKhienCua      main.o
    0x08001484   0x0000005c   Code   RO         1041    i.DieuKhienDen1     main.o
    0x080014e0   0x0000005c   Code   RO         1042    i.DieuKhienDen2     main.o
    0x0800153c   0x0000005c   Code   RO         1043    i.DieuKhienDen3     main.o
    0x08001598   0x0000005c   Code   RO         1044    i.DieuKhienDen4     main.o
    0x080015f4   0x00000058   Code   RO         1045    i.DieuKhienQuat1    main.o
    0x0800164c   0x00000058   Code   RO         1046    i.DieuKhienQuat2    main.o
    0x080016a4   0x0000005c   Code   RO         1047    i.DieuKhienQuat3    main.o
    0x08001700   0x000000dc   Code   RO         1048    i.Display_Temp_Humidity  main.o
    0x080017dc   0x0000003c   Code   RO         5123    i.EE_FindValidPage  eeprom.o
    0x08001818   0x0000005c   Code   RO         5124    i.EE_Format         eeprom.o
    0x08001874   0x0000018c   Code   RO         5125    i.EE_Init           eeprom.o
    0x08001a00   0x000000b8   Code   RO         5126    i.EE_PageTransfer   eeprom.o
    0x08001ab8   0x00000048   Code   RO         5127    i.EE_ReadVariable   eeprom.o
    0x08001b00   0x00000058   Code   RO         5128    i.EE_VerifyPageFullWriteVariable  eeprom.o
    0x08001b58   0x00000024   Code   RO         5129    i.EE_VerifyPageFullyErased  eeprom.o
    0x08001b7c   0x0000001c   Code   RO         5130    i.EE_WriteVariable  eeprom.o
    0x08001b98   0x00000002   Code   RO         1049    i.Error_Handler     main.o
    0x08001b9a   0x00000002   PAD
    0x08001b9c   0x00000024   Code   RO         2844    i.FLASH_MassErase   stm32f1xx_hal_flash_ex.o
    0x08001bc0   0x00000024   Code   RO         2849    i.FLASH_PageErase   stm32f1xx_hal_flash_ex.o
    0x08001be4   0x0000001c   Code   RO         2741    i.FLASH_Program_HalfWord  stm32f1xx_hal_flash.o
    0x08001c00   0x0000005c   Code   RO         2742    i.FLASH_SetErrorCode  stm32f1xx_hal_flash.o
    0x08001c5c   0x00000054   Code   RO         2743    i.FLASH_WaitForLastOperation  stm32f1xx_hal_flash.o
    0x08001cb0   0x000000fc   Code   RO         1756    i.HAL_ADC_ConfigChannel  stm32f1xx_hal_adc.o
    0x08001dac   0x00000006   Code   RO         1763    i.HAL_ADC_GetValue  stm32f1xx_hal_adc.o
    0x08001db2   0x00000002   PAD
    0x08001db4   0x0000011c   Code   RO         1765    i.HAL_ADC_Init      stm32f1xx_hal_adc.o
    0x08001ed0   0x00000058   Code   RO         1375    i.HAL_ADC_MspInit   adc.o
    0x08001f28   0x0000013c   Code   RO         1769    i.HAL_ADC_PollForConversion  stm32f1xx_hal_adc.o
    0x08002064   0x000000c0   Code   RO         1771    i.HAL_ADC_Start     stm32f1xx_hal_adc.o
    0x08002124   0x00000034   Code   RO         1774    i.HAL_ADC_Stop      stm32f1xx_hal_adc.o
    0x08002158   0x00000046   Code   RO         2405    i.HAL_DMA_Abort     stm32f1xx_hal_dma.o
    0x0800219e   0x00000002   PAD
    0x080021a0   0x00000098   Code   RO         2406    i.HAL_DMA_Abort_IT  stm32f1xx_hal_dma.o
    0x08002238   0x00000024   Code   RO         2033    i.HAL_Delay         stm32f1xx_hal.o
    0x0800225c   0x000000a8   Code   RO         2850    i.HAL_FLASHEx_Erase  stm32f1xx_hal_flash_ex.o
    0x08002304   0x00000080   Code   RO         2752    i.HAL_FLASH_Program  stm32f1xx_hal_flash.o
    0x08002384   0x00000028   Code   RO         2754    i.HAL_FLASH_Unlock  stm32f1xx_hal_flash.o
    0x080023ac   0x000001e0   Code   RO         2341    i.HAL_GPIO_Init     stm32f1xx_hal_gpio.o
    0x0800258c   0x0000000a   Code   RO         2343    i.HAL_GPIO_ReadPin  stm32f1xx_hal_gpio.o
    0x08002596   0x0000000a   Code   RO         2345    i.HAL_GPIO_WritePin  stm32f1xx_hal_gpio.o
    0x080025a0   0x0000000c   Code   RO         2037    i.HAL_GetTick       stm32f1xx_hal.o
    0x080025ac   0x00000188   Code   RO         3012    i.HAL_I2C_Init      stm32f1xx_hal_i2c.o
    0x08002734   0x0000012c   Code   RO         3025    i.HAL_I2C_Master_Transmit  stm32f1xx_hal_i2c.o
    0x08002860   0x0000005c   Code   RO         1417    i.HAL_I2C_MspInit   i2c.o
    0x080028bc   0x00000010   Code   RO         2043    i.HAL_IncTick       stm32f1xx_hal.o
    0x080028cc   0x00000024   Code   RO         2044    i.HAL_Init          stm32f1xx_hal.o
    0x080028f0   0x00000040   Code   RO         2045    i.HAL_InitTick      stm32f1xx_hal.o
    0x08002930   0x0000003c   Code   RO         1690    i.HAL_MspInit       stm32f1xx_hal_msp.o
    0x0800296c   0x0000001a   Code   RO         2501    i.HAL_NVIC_EnableIRQ  stm32f1xx_hal_cortex.o
    0x08002986   0x00000002   PAD
    0x08002988   0x00000040   Code   RO         2507    i.HAL_NVIC_SetPriority  stm32f1xx_hal_cortex.o
    0x080029c8   0x00000024   Code   RO         2508    i.HAL_NVIC_SetPriorityGrouping  stm32f1xx_hal_cortex.o
    0x080029ec   0x000000c8   Code   RO         2303    i.HAL_RCCEx_GetPeriphCLKFreq  stm32f1xx_hal_rcc_ex.o
    0x08002ab4   0x000000ec   Code   RO         2304    i.HAL_RCCEx_PeriphCLKConfig  stm32f1xx_hal_rcc_ex.o
    0x08002ba0   0x0000012c   Code   RO         2201    i.HAL_RCC_ClockConfig  stm32f1xx_hal_rcc.o
    0x08002ccc   0x00000020   Code   RO         2208    i.HAL_RCC_GetPCLK1Freq  stm32f1xx_hal_rcc.o
    0x08002cec   0x00000020   Code   RO         2209    i.HAL_RCC_GetPCLK2Freq  stm32f1xx_hal_rcc.o
    0x08002d0c   0x0000006c   Code   RO         2210    i.HAL_RCC_GetSysClockFreq  stm32f1xx_hal_rcc.o
    0x08002d78   0x00000320   Code   RO         2213    i.HAL_RCC_OscConfig  stm32f1xx_hal_rcc.o
    0x08003098   0x000000b2   Code   RO         3444    i.HAL_SPI_Init      stm32f1xx_hal_spi.o
    0x0800314a   0x00000002   PAD
    0x0800314c   0x00000070   Code   RO         1459    i.HAL_SPI_MspInit   spi.o
    0x080031bc   0x000001e2   Code   RO         3453    i.HAL_SPI_TransmitReceive  stm32f1xx_hal_spi.o
    0x0800339e   0x00000028   Code   RO         2512    i.HAL_SYSTICK_Config  stm32f1xx_hal_cortex.o
    0x080033c6   0x00000002   PAD
    0x080033c8   0x00000068   Code   RO         4480    i.HAL_TIMEx_MasterConfigSynchronization  stm32f1xx_hal_tim_ex.o
    0x08003430   0x0000005a   Code   RO         3757    i.HAL_TIM_Base_Init  stm32f1xx_hal_tim.o
    0x0800348a   0x00000002   PAD
    0x0800348c   0x0000003c   Code   RO         1501    i.HAL_TIM_Base_MspInit  tim.o
    0x080034c8   0x000000d6   Code   RO         3766    i.HAL_TIM_ConfigClockSource  stm32f1xx_hal_tim.o
    0x0800359e   0x00000002   PAD
    0x080035a0   0x00000044   Code   RO         1502    i.HAL_TIM_MspPostInit  tim.o
    0x080035e4   0x000000c6   Code   RO         3829    i.HAL_TIM_PWM_ConfigChannel  stm32f1xx_hal_tim.o
    0x080036aa   0x0000005a   Code   RO         3832    i.HAL_TIM_PWM_Init  stm32f1xx_hal_tim.o
    0x08003704   0x00000002   Code   RO         3834    i.HAL_TIM_PWM_MspInit  stm32f1xx_hal_tim.o
    0x08003706   0x00000002   PAD
    0x08003708   0x0000009c   Code   RO         3837    i.HAL_TIM_PWM_Start  stm32f1xx_hal_tim.o
    0x080037a4   0x00000002   Code   RO         4739    i.HAL_UARTEx_RxEventCallback  stm32f1xx_hal_uart.o
    0x080037a6   0x00000002   Code   RO         4753    i.HAL_UART_ErrorCallback  stm32f1xx_hal_uart.o
    0x080037a8   0x0000020c   Code   RO         4756    i.HAL_UART_IRQHandler  stm32f1xx_hal_uart.o
    0x080039b4   0x00000062   Code   RO         4757    i.HAL_UART_Init     stm32f1xx_hal_uart.o
    0x08003a16   0x00000002   PAD
    0x08003a18   0x000000d8   Code   RO         1555    i.HAL_UART_MspInit  usart.o
    0x08003af0   0x0000002a   Code   RO         4762    i.HAL_UART_Receive_IT  stm32f1xx_hal_uart.o
    0x08003b1a   0x00000002   PAD
    0x08003b1c   0x00000034   Code   RO         1050    i.HAL_UART_RxCpltCallback  main.o
    0x08003b50   0x000000b2   Code   RO         4765    i.HAL_UART_Transmit  stm32f1xx_hal_uart.o
    0x08003c02   0x00000002   Code   RO         4768    i.HAL_UART_TxCpltCallback  stm32f1xx_hal_uart.o
    0x08003c04   0x00000002   Code   RO         1604    i.HardFault_Handler  stm32f1xx_it.o
    0x08003c06   0x00000002   PAD
    0x08003c08   0x00000028   Code   RO         1051    i.HienThiLCD        main.o
    0x08003c30   0x0000002e   Code   RO         3054    i.I2C_IsAcknowledgeFailed  stm32f1xx_hal_i2c.o
    0x08003c5e   0x00000002   PAD
    0x08003c60   0x0000009c   Code   RO         3058    i.I2C_MasterRequestWrite  stm32f1xx_hal_i2c.o
    0x08003cfc   0x0000004c   Code   RO         3069    i.I2C_WaitOnBTFFlagUntilTimeout  stm32f1xx_hal_i2c.o
    0x08003d48   0x00000068   Code   RO         3070    i.I2C_WaitOnFlagUntilTimeout  stm32f1xx_hal_i2c.o
    0x08003db0   0x00000096   Code   RO         3071    i.I2C_WaitOnMasterAddressFlagUntilTimeout  stm32f1xx_hal_i2c.o
    0x08003e46   0x0000004c   Code   RO         3073    i.I2C_WaitOnTXEFlagUntilTimeout  stm32f1xx_hal_i2c.o
    0x08003e92   0x0000001a   Code   RO          891    i.MFRC522_AntennaOn  rc522.o
    0x08003eac   0x00000042   Code   RO          892    i.MFRC522_Anticoll  rc522.o
    0x08003eee   0x00000018   Code   RO          896    i.MFRC522_ClearBitMask  rc522.o
    0x08003f06   0x00000002   PAD
    0x08003f08   0x00000040   Code   RO         1052    i.MFRC522_CompareEEROM  main.o
    0x08003f48   0x00000046   Code   RO          899    i.MFRC522_Init      rc522.o
    0x08003f8e   0x0000000e   Code   RO          901    i.MFRC522_ReadRegister  rc522.o
    0x08003f9c   0x0000002e   Code   RO          902    i.MFRC522_Request   rc522.o
    0x08003fca   0x00000008   Code   RO          903    i.MFRC522_Reset     rc522.o
    0x08003fd2   0x00000018   Code   RO          905    i.MFRC522_SetBitMask  rc522.o
    0x08003fea   0x00000114   Code   RO          906    i.MFRC522_ToCard    rc522.o
    0x080040fe   0x0000000a   Code   RO          908    i.MFRC522_WriteRegister  rc522.o
    0x08004108   0x0000004c   Code   RO         1376    i.MX_ADC1_Init      adc.o
    0x08004154   0x00000110   Code   RO         1350    i.MX_GPIO_Init      gpio.o
    0x08004264   0x00000040   Code   RO         1418    i.MX_I2C1_Init      i2c.o
    0x080042a4   0x00000048   Code   RO         1460    i.MX_SPI1_Init      spi.o
    0x080042ec   0x00000068   Code   RO         1503    i.MX_TIM1_Init      tim.o
    0x08004354   0x00000098   Code   RO         1504    i.MX_TIM2_Init      tim.o
    0x080043ec   0x00000038   Code   RO         1556    i.MX_USART1_UART_Init  usart.o
    0x08004424   0x00000038   Code   RO         1557    i.MX_USART2_UART_Init  usart.o
    0x0800445c   0x00000002   Code   RO         1605    i.MemManage_Handler  stm32f1xx_it.o
    0x0800445e   0x00000002   Code   RO         1606    i.NMI_Handler       stm32f1xx_it.o
    0x08004460   0x00000002   Code   RO         1607    i.PendSV_Handler    stm32f1xx_it.o
    0x08004462   0x0000002a   Code   RO         1053    i.Read_All_Button   main.o
    0x0800448c   0x0000004c   Code   RO         1054    i.Read_HongNgoai_Door  main.o
    0x080044d8   0x00000040   Code   RO         1055    i.Read_HongNgoai_Tolet  main.o
    0x08004518   0x00000054   Code   RO         1056    i.Read_MQ2          main.o
    0x0800456c   0x00000058   Code   RO         1057    i.Read_Nut_Den1     main.o
    0x080045c4   0x00000044   Code   RO         1058    i.Read_Nut_Den2     main.o
    0x08004608   0x00000044   Code   RO         1059    i.Read_Nut_Den3     main.o
    0x0800464c   0x00000044   Code   RO         1060    i.Read_Nut_Den4     main.o
    0x08004690   0x00000044   Code   RO         1061    i.Read_Nut_Quat1    main.o
    0x080046d4   0x00000044   Code   RO         1062    i.Read_Nut_Quat2    main.o
    0x08004718   0x00000044   Code   RO         1063    i.Read_Nut_Quat3    main.o
    0x0800475c   0x00000190   Code   RO         1064    i.Read_RFID_RC522   main.o
    0x080048ec   0x000000bc   Code   RO         1065    i.Read_SenSor       main.o
    0x080049a8   0x0000004c   Code   RO         1066    i.Received          main.o
    0x080049f4   0x00000094   Code   RO         1067    i.Reset_All_Key     main.o
    0x08004a88   0x00000020   Code   RO          909    i.SPI1SendByte      rc522.o
    0x08004aa8   0x00000030   Code   RO          910    i.SPI1_ReadReg      rc522.o
    0x08004ad8   0x00000030   Code   RO          911    i.SPI1_WriteReg     rc522.o
    0x08004b08   0x00000020   Code   RO         3482    i.SPI_EndRxTxTransaction  stm32f1xx_hal_spi.o
    0x08004b28   0x000000b8   Code   RO         3487    i.SPI_WaitFlagStateUntilTimeout  stm32f1xx_hal_spi.o
    0x08004be0   0x00000002   Code   RO         1608    i.SVC_Handler       stm32f1xx_it.o
    0x08004be2   0x00000002   PAD
    0x08004be4   0x00000300   Code   RO         1068    i.SendDataJson      main.o
    0x08004ee4   0x00000024   Code   RO         1069    i.ServoStart        main.o
    0x08004f08   0x00000024   Code   RO         1070    i.ServoStop         main.o
    0x08004f2c   0x00000068   Code   RO         1071    i.SoSanh_MQ2        main.o
    0x08004f94   0x0000004c   Code   RO         1072    i.Start_Servo_RFID  main.o
    0x08004fe0   0x0000000e   Code   RO         1609    i.SysTick_Handler   stm32f1xx_it.o
    0x08004fee   0x00000060   Code   RO         1073    i.SystemClock_Config  main.o
    0x0800504e   0x00000002   Code   RO         5086    i.SystemInit        system_stm32f1xx.o
    0x08005050   0x0000006c   Code   RO         3850    i.TIM_Base_SetConfig  stm32f1xx_hal_tim.o
    0x080050bc   0x0000001a   Code   RO         3851    i.TIM_CCxChannelCmd  stm32f1xx_hal_tim.o
    0x080050d6   0x00000014   Code   RO         3861    i.TIM_ETR_SetConfig  stm32f1xx_hal_tim.o
    0x080050ea   0x00000010   Code   RO         3862    i.TIM_ITRx_SetConfig  stm32f1xx_hal_tim.o
    0x080050fa   0x00000002   PAD
    0x080050fc   0x00000050   Code   RO         3863    i.TIM_OC1_SetConfig  stm32f1xx_hal_tim.o
    0x0800514c   0x00000058   Code   RO         3864    i.TIM_OC2_SetConfig  stm32f1xx_hal_tim.o
    0x080051a4   0x00000058   Code   RO         3865    i.TIM_OC3_SetConfig  stm32f1xx_hal_tim.o
    0x080051fc   0x00000044   Code   RO         3866    i.TIM_OC4_SetConfig  stm32f1xx_hal_tim.o
    0x08005240   0x00000022   Code   RO         3868    i.TIM_TI1_ConfigInputStage  stm32f1xx_hal_tim.o
    0x08005262   0x00000024   Code   RO         3870    i.TIM_TI2_ConfigInputStage  stm32f1xx_hal_tim.o
    0x08005286   0x00000002   PAD
    0x08005288   0x0000003c   Code   RO           21    i.Tims_delay_us     dht11.o
    0x080052c4   0x00000010   Code   RO         4770    i.UART_DMAAbortOnError  stm32f1xx_hal_uart.o
    0x080052d4   0x00000030   Code   RO         4780    i.UART_EndRxTransfer  stm32f1xx_hal_uart.o
    0x08005304   0x000000b6   Code   RO         4782    i.UART_Receive_IT   stm32f1xx_hal_uart.o
    0x080053ba   0x00000002   PAD
    0x080053bc   0x000000b8   Code   RO         4783    i.UART_SetConfig    stm32f1xx_hal_uart.o
    0x08005474   0x00000036   Code   RO         4785    i.UART_Start_Receive_IT  stm32f1xx_hal_uart.o
    0x080054aa   0x00000064   Code   RO         4786    i.UART_WaitOnFlagUntilTimeout  stm32f1xx_hal_uart.o
    0x0800550e   0x00000002   PAD
    0x08005510   0x0000000c   Code   RO         1610    i.USART1_IRQHandler  stm32f1xx_it.o
    0x0800551c   0x0000000c   Code   RO         1611    i.USART2_IRQHandler  stm32f1xx_it.o
    0x08005528   0x00000002   Code   RO         1612    i.UsageFault_Handler  stm32f1xx_it.o
    0x0800552a   0x00000002   PAD
    0x0800552c   0x00000180   Code   RO         1074    i.Write_Key         main.o
    0x080056ac   0x000001f4   Code   RO         1075    i.XuLyJson          main.o
    0x080058a0   0x00000020   Code   RO         5513    i.__0printf         mc_w.l(printfa.o)
    0x080058c0   0x00000028   Code   RO         5515    i.__0sprintf        mc_w.l(printfa.o)
    0x080058e8   0x00000020   Code   RO         2514    i.__NVIC_SetPriority  stm32f1xx_hal_cortex.o
    0x08005908   0x00000008   Code   RO         5616    i.__aeabi_errno_addr  mc_w.l(errno.o)
    0x08005910   0x0000005c   Code   RO         5545    i.__free$realloc    mc_w.l(mallocr.o)
    0x0800596c   0x00000050   Code   RO         5546    i.__malloc$realloc  mc_w.l(mallocr.o)
    0x080059bc   0x0000000e   Code   RO         5689    i.__scatterload_copy  mc_w.l(handlers.o)
    0x080059ca   0x00000002   Code   RO         5690    i.__scatterload_null  mc_w.l(handlers.o)
    0x080059cc   0x0000000e   Code   RO         5691    i.__scatterload_zeroinit  mc_w.l(handlers.o)
    0x080059da   0x00000002   PAD
    0x080059dc   0x00000164   Code   RO         5520    i._fp_digits        mc_w.l(printfa.o)
    0x08005b40   0x0000000e   Code   RO         5573    i._is_digit         mc_w.l(scanf_fp.o)
    0x08005b4e   0x00000002   PAD
    0x08005b50   0x000006dc   Code   RO         5521    i._printf_core      mc_w.l(printfa.o)
    0x0800622c   0x00000024   Code   RO         5522    i._printf_post_padding  mc_w.l(printfa.o)
    0x08006250   0x0000002e   Code   RO         5523    i._printf_pre_padding  mc_w.l(printfa.o)
    0x0800627e   0x0000000a   Code   RO         5525    i._sputc            mc_w.l(printfa.o)
    0x08006288   0x00000030   Code   RO          202    i.buffer_skip_whitespace  cjson.o
    0x080062b8   0x00000048   Code   RO          234    i.cJSON_Delete      cjson.o
    0x08006300   0x00000006   Code   RO          247    i.cJSON_GetObjectItem  cjson.o
    0x08006306   0x00000016   Code   RO          264    i.cJSON_New_Item    cjson.o
    0x0800631c   0x00000008   Code   RO          265    i.cJSON_Parse       cjson.o
    0x08006324   0x000000dc   Code   RO          267    i.cJSON_ParseWithLengthOpts  cjson.o
    0x08006400   0x00000022   Code   RO          268    i.cJSON_ParseWithOpts  cjson.o
    0x08006422   0x00000002   PAD
    0x08006424   0x00000024   Code   RO         1076    i.clearbufferEnd    main.o
    0x08006448   0x00000018   Code   RO         1077    i.fputc             main.o
    0x08006460   0x0000007a   Code   RO          287    i.get_object_item   cjson.o
    0x080064da   0x00000002   PAD
    0x080064dc   0x00000050   Code   RO         5547    i.internal_alloc    mc_w.l(mallocr.o)
    0x0800652c   0x00000012   Code   RO          825    i.lcd_clear         i2c-lcd.o
    0x0800653e   0x00000078   Code   RO          826    i.lcd_init          i2c-lcd.o
    0x080065b6   0x00000002   PAD
    0x080065b8   0x00000040   Code   RO          828    i.lcd_send_cmd      i2c-lcd.o
    0x080065f8   0x00000040   Code   RO          829    i.lcd_send_data     i2c-lcd.o
    0x08006638   0x00000014   Code   RO          830    i.lcd_send_string   i2c-lcd.o
    0x0800664c   0x000001c0   Code   RO         1078    i.main              main.o
    0x0800680c   0x00000014   Code   RO         1079    i.map               main.o
    0x08006820   0x000000d0   Code   RO          289    i.parse_array       cjson.o
    0x080068f0   0x00000040   Code   RO          290    i.parse_hex4        cjson.o
    0x08006930   0x000000f0   Code   RO          291    i.parse_number      cjson.o
    0x08006a20   0x0000010a   Code   RO          292    i.parse_object      cjson.o
    0x08006b2a   0x00000002   PAD
    0x08006b2c   0x00000118   Code   RO          293    i.parse_string      cjson.o
    0x08006c44   0x000000fc   Code   RO          294    i.parse_value       cjson.o
    0x08006d40   0x0000006c   Code   RO         5548    i.realloc           mc_w.l(mallocr.o)
    0x08006dac   0x0000001c   Code   RO         5252    i.strtod            m_ws.l(strtod.o)
    0x08006dc8   0x000000d2   Code   RO          303    i.utf16_literal_to_utf8  cjson.o
    0x08006e9a   0x00000010   Data   RO         5087    .constdata          system_stm32f1xx.o
    0x08006eaa   0x00000008   Data   RO         5088    .constdata          system_stm32f1xx.o
    0x08006eb2   0x00000081   Data   RO         5649    .constdata          mc_w.l(ctype_o.o)
    0x08006f33   0x00000001   PAD
    0x08006f34   0x00000004   Data   RO         5650    .constdata          mc_w.l(ctype_o.o)
    0x08006f38   0x00000020   Data   RO         5687    Region$$Table       anon$$obj.o


    Execution Region RW_IRAM1 (Base: 0x20000000, Size: 0x00001518, Max: 0x00005000, ABSOLUTE)

    Base Addr    Size         Type   Attr      Idx    E Section Name        Object

    0x20000000   0x00000008   Data   RW           22    .data               dht11.o
    0x20000008   0x00000014   Data   RW          305    .data               cjson.o
    0x2000001c   0x000000a0   Data   RW         1081    .data               main.o
    0x200000bc   0x0000003e   Data   RW         1082    .data               main.o
    0x200000fa   0x00000002   PAD
    0x200000fc   0x0000000c   Data   RW         2051    .data               stm32f1xx_hal.o
    0x20000108   0x00000004   Data   RW         5089    .data               system_stm32f1xx.o
    0x2000010c   0x00000002   Data   RW         5131    .data               eeprom.o
    0x2000010e   0x00000002   PAD
    0x20000110   0x00000004   Data   RW         5605    .data               mc_w.l(stdout.o)
    0x20000114   0x00000004   Data   RW         5614    .data               mc_w.l(mvars.o)
    0x20000118   0x00000004   Data   RW         5615    .data               mc_w.l(mvars.o)
    0x2000011c   0x00000004   Data   RW         5619    .data               mc_w.l(errno.o)
    0x20000120   0x00000be0   Zero   RW         1080    .bss                main.o
    0x20000d00   0x00000030   Zero   RW         1377    .bss                adc.o
    0x20000d30   0x00000054   Zero   RW         1419    .bss                i2c.o
    0x20000d84   0x00000058   Zero   RW         1461    .bss                spi.o
    0x20000ddc   0x00000090   Zero   RW         1505    .bss                tim.o
    0x20000e6c   0x00000088   Zero   RW         1558    .bss                usart.o
    0x20000ef4   0x00000004   PAD
    0x20000ef8   0x00000020   Zero   RW         2755    .bss                stm32f1xx_hal_flash.o
    0x20000f18   0x00000200   Zero   RW            2    HEAP                startup_stm32f103xb.o
    0x20001118   0x00000400   Zero   RW            1    STACK               startup_stm32f103xb.o


==============================================================================

Image component sizes


      Code (inc. data)   RO Data    RW Data    ZI Data      Debug   Object Name

       164         20          0          0         48       1765   adc.o
       306          0          0          0          0       3099   button.o
      2052         64          0         20          0      18768   cjson.o
       488         84          0          8          0     469029   dht11.o
       956         72          0          2          0       7277   eeprom.o
       272         16          0          0          0       1095   gpio.o
       286         12          0          0          0       2872   i2c-lcd.o
       156         26          0          0         84       1757   i2c.o
      5860       1572          0        222       3040      34255   main.o
       692         12          0          0          0       8641   rc522.o
       184         24          0          0         88       1781   spi.o
        36          8        236          0       1536        836   startup_stm32f103xb.o
       164         28          0         12          0       6165   stm32f1xx_hal.o
      1312         54          0          0          0       7519   stm32f1xx_hal_adc.o
       198         14          0          0          0      29139   stm32f1xx_hal_cortex.o
       222          4          0          0          0       1867   stm32f1xx_hal_dma.o
       372         40          0          0         32       4437   stm32f1xx_hal_flash.o
       240         26          0          0          0       3381   stm32f1xx_hal_flash_ex.o
       500         34          0          0          0       3647   stm32f1xx_hal_gpio.o
      1300         32          0          0          0       9217   stm32f1xx_hal_i2c.o
        60          8          0          0          0        938   stm32f1xx_hal_msp.o
      1272        100          0          0          0       5392   stm32f1xx_hal_rcc.o
       436         46          0          0          0       2633   stm32f1xx_hal_rcc_ex.o
       876          4          0          0          0       4865   stm32f1xx_hal_spi.o
      1314         46          0          0          0      12704   stm32f1xx_hal_tim.o
       104         12          0          0          0       1392   stm32f1xx_hal_tim_ex.o
      1432         10          0          0          0      11000   stm32f1xx_hal_uart.o
        54         12          0          0          0       5150   stm32f1xx_it.o
         2          0         24          4          0       1215   system_stm32f1xx.o
       384         30          0          0        144       3165   tim.o
       328         34          0          0        136       2515   usart.o

    ----------------------------------------------------------------------
     22082       2444        292        272       5112     667516   Object Totals
         0          0         32          0          0          0   (incl. Generated)
        60          0          0          4          4          0   (incl. Padding)

    ----------------------------------------------------------------------

      Code (inc. data)   RO Data    RW Data    ZI Data      Debug   Library Member Name

        28          0          0          0          0         80   strtod.o
        28          0          0          0          0         68   _chval.o
        64          0          0          0          0         84   _sgetc.o
       158          0          0          0          0         92   _strtoul.o
        26          0          0          0          0         80   atoi.o
         8          4        133          0          0         68   ctype_o.o
         0          0          0          0          0          0   entry.o
         0          0          0          0          0          0   entry10a.o
         0          0          0          0          0          0   entry11a.o
         8          4          0          0          0          0   entry2.o
         4          0          0          0          0          0   entry5.o
         0          0          0          0          0          0   entry7b.o
         0          0          0          0          0          0   entry8b.o
         8          4          0          0          0          0   entry9a.o
         8          4          0          4          0         68   errno.o
        30          0          0          0          0          0   handlers.o
        36          8          0          0          0         68   init.o
        18          0          0          0          0         76   isspace_o.o
         0          0          0          0          0          0   iusefp.o
        30          0          0          0          0         68   llshl.o
        36          0          0          0          0         68   llsshr.o
        32          0          0          0          0         68   llushr.o
       360         30          0          0          0        356   mallocr.o
        36          0          0          0          0         68   memcpya.o
        36          0          0          0          0        108   memseta.o
         0          0          0          8          0          0   mvars.o
      2276         96          0          0          0        596   printfa.o
       838         12          0          0          0        216   scanf_fp.o
         0          0          0          4          0          0   stdout.o
        24          0          0          0          0         68   strcat.o
        28          0          0          0          0         76   strcmp.o
        14          0          0          0          0         68   strlen.o
        30          0          0          0          0         80   strncmp.o
        36          0          0          0          0         80   strstr.o
       156         14          0          0          0        120   strtod.o
       112          0          0          0          0         88   strtol.o
        12          0          0          0          0         68   tolower.o
        44          0          0          0          0         80   uidiv.o
        98          0          0          0          0         92   uldiv.o
        48          0          0          0          0         68   cdcmple.o
        48          0          0          0          0         68   cdrcmple.o
        56          0          0          0          0         88   d2f.o
       334          0          0          0          0        148   dadd.o
       222          0          0          0          0        100   ddiv.o
       186          0          0          0          0        176   depilogue.o
        62          0          0          0          0         80   dfixi.o
        48          0          0          0          0         68   dfixul.o
        24          0          0          0          0         76   dfltul.o
       228          0          0          0          0         96   dmul.o
       110          0          0          0          0        168   fepilogue.o

    ----------------------------------------------------------------------
      5996        176        134         16          0       4188   Library Totals
         8          0          1          0          0          0   (incl. Padding)

    ----------------------------------------------------------------------

      Code (inc. data)   RO Data    RW Data    ZI Data      Debug   Library Name

        28          0          0          0          0         80   m_ws.l
      4594        176        133         16          0       2972   mc_w.l
      1366          0          0          0          0       1136   mf_w.l

    ----------------------------------------------------------------------
      5996        176        134         16          0       4188   Library Totals

    ----------------------------------------------------------------------

==============================================================================


      Code (inc. data)   RO Data    RW Data    ZI Data      Debug   

     28078       2620        426        288       5112     658960   Grand Totals
     28078       2620        426        288       5112     658960   ELF Image Totals
     28078       2620        426        288          0          0   ROM Totals

==============================================================================

    Total RO  Size (Code + RO Data)                28504 (  27.84kB)
    Total RW  Size (RW Data + ZI Data)              5400 (   5.27kB)
    Total ROM Size (Code + RO Data + RW Data)      28792 (  28.12kB)

==============================================================================

